#
# There is insufficient memory for the Java Runtime Environment to continue.
# Native memory allocation (malloc) failed to allocate 255056 bytes. Error detail: Chunk::new
# Possible reasons:
#   The system is out of physical RAM or swap space
#   This process is running with CompressedOops enabled, and the Java Heap may be blocking the growth of the native heap
# Possible solutions:
#   Reduce memory load on the system
#   Increase physical memory or swap space
#   Check if swap backing store is full
#   Decrease Java heap size (-Xmx/-Xms)
#   Decrease number of Java threads
#   Decrease Java thread stack sizes (-Xss)
#   Set larger code cache with -XX:ReservedCodeCacheSize=
#   JVM is running with Zero Based Compressed Oops mode in which the Java heap is
#     placed in the first 32GB address space. The Java Heap base address is the
#     maximum limit for the native heap growth. Please use -XX:HeapBaseMinAddress
#     to set the Java Heap base and to place the Java Heap above 32GB virtual address.
# This output file may be truncated or incomplete.
#
#  Out of Memory Error (arena.cpp:168), pid=7040, tid=10144
#
# JRE version: OpenJDK Runtime Environment Temurin-21.0.12.1+1 (21.0.12.1+1) (build 21.0.12.1+1-LTS)
# Java VM: OpenJDK 64-Bit Server VM Temurin-21.0.12.1+1 (21.0.12.1+1-LTS, mixed mode, sharing, tiered, compressed oops, compressed class ptrs, parallel gc, windows-amd64)
# No core dump will be written. Minidumps are not enabled by default on client versions of Windows
#

---------------  S U M M A R Y ------------

Command Line: --add-modules=ALL-SYSTEM --add-opens=java.base/java.util=ALL-UNNAMED --add-opens=java.base/java.lang=ALL-UNNAMED --add-opens=java.base/sun.nio.fs=ALL-UNNAMED -Declipse.application=org.eclipse.jdt.ls.core.id1 -Dosgi.bundles.defaultStartLevel=4 -Declipse.product=org.eclipse.jdt.ls.core.product -Djava.import.generatesMetadataFilesAtProjectRoot=false -Dm2e.project.cache.size=50 -DDetectVMInstallationsJob.disabled=true -Dfile.encoding=utf8 -XX:+UseParallelGC -XX:GCTimeRatio=4 -XX:AdaptiveSizePolicyWeight=90 -Dsun.zip.disableMemoryMapping=true -Xmx8G -Xms100m -Xlog:disable -javaagent:c:\Users\v\.vscode\extensions\redhat.java-1.56.0-win32-x64\lombok\lombok-1.18.39-4050.jar -XX:+HeapDumpOnOutOfMemoryError -XX:HeapDumpPath=c:\Users\v\AppData\Roaming\Code\User\workspaceStorage\62fc0edf119feca2305070a9eb120b66\redhat.java -Daether.dependencyCollector.impl=bf c:\Users\v\.vscode\extensions\redhat.java-1.56.0-win32-x64\server\plugins\org.eclipse.equinox.launcher_1.8.0.v20260804-1928.jar -configuration c:\Users\v\AppData\Roaming\Code\User\globalStorage\redhat.java\1.56.0\config_win -data c:\Users\v\AppData\Roaming\Code\User\workspaceStorage\62fc0edf119feca2305070a9eb120b66\redhat.java\jdt_ws --stdio

Host: Intel(R) Core(TM) i3-10110U CPU @ 2.10GHz, 4 cores, 3G,  Windows 10 , 64 bit Build 19041 (10.0.19041.7725)
Time: Tue Sep 29 15:02:03 2026 India Standard Time elapsed time: 1.465868 seconds (0d 0h 0m 1s)

---------------  T H R E A D  ---------------

Current thread (0x000001b6308d8000):  JavaThread "C2 CompilerThread0" daemon [_thread_in_native, id=10144, stack(0x0000003c2d400000,0x0000003c2d500000) (1024K)]


Current CompileTask:
C2:1465  654       4       lombok.patcher.scripts.MethodLevelPatchScript::patch (21 bytes)

Stack: [0x0000003c2d400000,0x0000003c2d500000]
Native frames: (J=compiled Java code, j=interpreted, Vv=VM code, C=native code)
V  [jvm.dll+0x6d83e9]
V  [jvm.dll+0x8b5736]
V  [jvm.dll+0x8b7cee]
V  [jvm.dll+0x8b83d3]
V  [jvm.dll+0x284596]
V  [jvm.dll+0xc685d]
V  [jvm.dll+0xc6da1]
V  [jvm.dll+0x2fb5ae]
V  [jvm.dll+0x5fee94]
V  [jvm.dll+0x255d67]
V  [jvm.dll+0x25612d]
V  [jvm.dll+0x24e6a0]
V  [jvm.dll+0x24bbe6]
V  [jvm.dll+0x1cb4ae]
V  [jvm.dll+0x25baad]
V  [jvm.dll+0x25a03a]
V  [jvm.dll+0x3f8aae]
V  [jvm.dll+0x8600cd]
V  [jvm.dll+0x6d6c1d]
C  [ucrtbase.dll+0x21bb2]
C  [KERNEL32.DLL+0x17384]
C  [ntdll.dll+0x4cc91]


---------------  P R O C E S S  ---------------

Threads class SMR info:
_java_thread_list=0x000001b6976a8e40, length=11, elements={
0x000001b62eadf000, 0x000001b6308cf340, 0x000001b6308d07a0, 0x000001b6308d2f90,
0x000001b6308d3bf0, 0x000001b6308d6760, 0x000001b6308d71c0, 0x000001b6308d8000,
0x000001b630949980, 0x000001b697561170, 0x000001b6976dbc50
}

Java Threads: ( => current thread )
  0x000001b62eadf000 JavaThread "main"                              [_thread_in_vm, id=832, stack(0x0000003c2ca00000,0x0000003c2cb00000) (1024K)]
  0x000001b6308cf340 JavaThread "Reference Handler"          daemon [_thread_blocked, id=4400, stack(0x0000003c2ce00000,0x0000003c2cf00000) (1024K)]
  0x000001b6308d07a0 JavaThread "Finalizer"                  daemon [_thread_blocked, id=4892, stack(0x0000003c2cf00000,0x0000003c2d000000) (1024K)]
  0x000001b6308d2f90 JavaThread "Signal Dispatcher"          daemon [_thread_blocked, id=13484, stack(0x0000003c2d000000,0x0000003c2d100000) (1024K)]
  0x000001b6308d3bf0 JavaThread "Attach Listener"            daemon [_thread_blocked, id=1528, stack(0x0000003c2d100000,0x0000003c2d200000) (1024K)]
  0x000001b6308d6760 JavaThread "Service Thread"             daemon [_thread_blocked, id=12840, stack(0x0000003c2d200000,0x0000003c2d300000) (1024K)]
  0x000001b6308d71c0 JavaThread "Monitor Deflation Thread"   daemon [_thread_blocked, id=8284, stack(0x0000003c2d300000,0x0000003c2d400000) (1024K)]
=>0x000001b6308d8000 JavaThread "C2 CompilerThread0"         daemon [_thread_in_native, id=10144, stack(0x0000003c2d400000,0x0000003c2d500000) (1024K)]
  0x000001b630949980 JavaThread "C1 CompilerThread0"         daemon [_thread_blocked, id=15204, stack(0x0000003c2d500000,0x0000003c2d600000) (1024K)]
  0x000001b697561170 JavaThread "Common-Cleaner"             daemon [_thread_blocked, id=7380, stack(0x0000003c2d600000,0x0000003c2d700000) (1024K)]
  0x000001b6976dbc50 JavaThread "Notification Thread"        daemon [_thread_blocked, id=15176, stack(0x0000003c2d700000,0x0000003c2d800000) (1024K)]
Total: 11

Other Threads:
  0x000001b630e0f840 VMThread "VM Thread"                           [id=9636, stack(0x0000003c2cd00000,0x0000003c2ce00000) (1024K)]
  0x000001b63087cb20 WatcherThread "VM Periodic Task Thread"        [id=8256, stack(0x0000003c2cc00000,0x0000003c2cd00000) (1024K)]
  0x000001b630d6eeb0 WorkerThread "GC Thread#0"                     [id=14740, stack(0x0000003c2cb00000,0x0000003c2cc00000) (1024K)]
Total: 3

Threads with active compile tasks:
C2 CompilerThread0  1499  654       4       lombok.patcher.scripts.MethodLevelPatchScript::patch (21 bytes)
Total: 1

VM state: not at safepoint (normal execution)

VM Mutex/Monitor currently owned by a thread: None

Heap address: 0x0000000600000000, size: 8192 MB, Compressed Oops mode: Zero based, Oop shift amount: 3

CDS archive(s) mapped at: [0x000001b656000000-0x000001b656ba0000-0x000001b656ba0000), size 12189696, SharedBaseAddress: 0x000001b656000000, ArchiveRelocationMode: 1.
Compressed class space mapped at: 0x000001b657000000-0x000001b697000000, reserved size: 1073741824
Narrow klass base: 0x000001b656000000, Narrow klass shift: 0, Narrow klass range: 0x100000000

GC Precious Log:
 CardTable entry size: 512
 CPUs: 4 total, 4 available
 Memory: 3930M
 Large Page Support: Disabled
 NUMA Support: Disabled
 Compressed Oops: Enabled (Zero based)
 Alignments: Space 512K, Generation 512K, Heap 2M
 Heap Min Capacity: 100M
 Heap Initial Capacity: 100M
 Heap Max Capacity: 8G
 Pre-touch: Disabled
 Parallel Workers: 4

Heap:
 PSYoungGen      total 29696K, used 12825K [0x0000000755580000, 0x0000000757680000, 0x0000000800000000)
  eden space 25600K, 50% used [0x0000000755580000,0x0000000756206630,0x0000000756e80000)
  from space 4096K, 0% used [0x0000000757280000,0x0000000757280000,0x0000000757680000)
  to   space 4096K, 0% used [0x0000000756e80000,0x0000000756e80000,0x0000000757280000)
 ParOldGen       total 68608K, used 0K [0x0000000600000000, 0x0000000604300000, 0x0000000755580000)
  object space 68608K, 0% used [0x0000000600000000,0x0000000600000000,0x0000000604300000)
 Metaspace       used 2315K, committed 2496K, reserved 1114112K
  class space    used 236K, committed 320K, reserved 1048576K

Card table byte_map: [0x000001b642f60000,0x000001b643f70000] _byte_map_base: 0x000001b63ff60000

Marking Bits: (ParMarkBitMap*) 0x00007ff95ae644a0
 Begin Bits: [0x000001b644a20000, 0x000001b64ca20000)
 End Bits:   [0x000001b64ca20000, 0x000001b654a20000)

Polling page: 0x000001b62ec10000

Metaspace:

Usage:
  Non-class:      2.03 MB used.
      Class:    236.17 KB used.
       Both:      2.26 MB used.

Virtual space:
  Non-class space:       64.00 MB reserved,       2.12 MB (  3%) committed,  1 nodes.
      Class space:        1.00 GB reserved,     320.00 KB ( <1%) committed,  1 nodes.
             Both:        1.06 GB reserved,       2.44 MB ( <1%) committed. 

Chunk freelists:
   Non-Class:  11.65 MB
       Class:  15.67 MB
        Both:  27.32 MB

MaxMetaspaceSize: unlimited
CompressedClassSpaceSize: 1.00 GB
Initial GC threshold: 21.00 MB
Current GC threshold: 21.00 MB
CDS: on
 - commit_granule_bytes: 65536.
 - commit_granule_words: 8192.
 - virtual_space_node_default_size: 8388608.
 - enlarge_chunks_in_place: 1.
 - use_allocation_guard: 0.


Internal statistics:

num_allocs_failed_limit: 0.
num_arena_births: 80.
num_arena_deaths: 0.
num_vsnodes_births: 2.
num_vsnodes_deaths: 0.
num_space_committed: 39.
num_space_uncommitted: 0.
num_chunks_returned_to_freelist: 0.
num_chunks_taken_from_freelist: 102.
num_chunk_merges: 0.
num_chunk_splits: 72.
num_chunks_enlarged: 46.
num_inconsistent_stats: 0.

CodeHeap 'non-profiled nmethods': size=120000Kb used=249Kb max_used=249Kb free=119750Kb
 bounds [0x000001b63ba30000, 0x000001b63bca0000, 0x000001b642f60000]
CodeHeap 'profiled nmethods': size=120000Kb used=996Kb max_used=996Kb free=119003Kb
 bounds [0x000001b633f60000, 0x000001b6341d0000, 0x000001b63b490000]
CodeHeap 'non-nmethods': size=5760Kb used=1172Kb max_used=1188Kb free=4587Kb
 bounds [0x000001b63b490000, 0x000001b63b700000, 0x000001b63ba30000]
CodeCache: size=245760Kb, used=2417Kb, max_used=2433Kb, free=243340Kb
 total_blobs=1096, nmethods=669, adapters=334, full_count=0
Compilation: enabled, stopped_count=0, restarted_count=0

Compilation events (20 events):
Event: 1.434 Thread 0x000001b630949980  666       3       java.math.BigInteger::<init> (404 bytes)
Event: 1.437 Thread 0x000001b630949980 nmethod 666 0x000001b634052510 code [0x000001b6340529e0, 0x000001b634054a68]
Event: 1.437 Thread 0x000001b630949980  667       3       java.math.BigInteger::getInt (63 bytes)
Event: 1.437 Thread 0x000001b630949980 nmethod 667 0x000001b634055890 code [0x000001b634055a80, 0x000001b634055e48]
Event: 1.437 Thread 0x000001b630949980  668       3       sun.security.util.CurveDB::bi (11 bytes)
Event: 1.437 Thread 0x000001b630949980 nmethod 668 0x000001b634055f90 code [0x000001b634056140, 0x000001b634056300]
Event: 1.437 Thread 0x000001b630949980  670       3       java.util.LinkedHashMap::linkNodeAtEnd (76 bytes)
Event: 1.437 Thread 0x000001b630949980 nmethod 670 0x000001b634056390 code [0x000001b634056540, 0x000001b634056878]
Event: 1.438 Thread 0x000001b630949980  672  s    3       java.io.ByteArrayOutputStream::write (32 bytes)
Event: 1.438 Thread 0x000001b630949980 nmethod 672 0x000001b634056990 code [0x000001b634056b40, 0x000001b634056d90]
Event: 1.438 Thread 0x000001b630949980  671       1       java.math.BigInteger::signum (5 bytes)
Event: 1.438 Thread 0x000001b630949980 nmethod 671 0x000001b63ba6e190 code [0x000001b63ba6e320, 0x000001b63ba6e3e8]
Event: 1.446 Thread 0x000001b630949980  673       3       java.util.regex.Pattern::isSupplementary (21 bytes)
Event: 1.446 Thread 0x000001b630949980 nmethod 673 0x000001b634056e90 code [0x000001b634057040, 0x000001b634057298]
Event: 1.446 Thread 0x000001b630949980  674       3       java.lang.Character::isSurrogate (18 bytes)
Event: 1.446 Thread 0x000001b630949980 nmethod 674 0x000001b634057390 code [0x000001b634057520, 0x000001b634057698]
Event: 1.446 Thread 0x000001b630949980  675       3       java.lang.invoke.MemberName::getMethodOrFieldType (72 bytes)
Event: 1.447 Thread 0x000001b630949980 nmethod 675 0x000001b634057710 code [0x000001b634057a60, 0x000001b634058810]
Event: 1.447 Thread 0x000001b630949980  676       3       java.util.regex.Pattern::peek (26 bytes)
Event: 1.448 Thread 0x000001b630949980 nmethod 676 0x000001b634058d10 code [0x000001b634058ec0, 0x000001b634059118]

GC Heap History (0 events):
No events

Dll operation events (16 events):
Event: 0.039 Attempting to load shared library c:\Users\v\.vscode\extensions\redhat.java-1.56.0-win32-x64\jre\21.0.12.1-win32-x86_64\bin\java.dll
Event: 0.039 Loaded shared library c:\Users\v\.vscode\extensions\redhat.java-1.56.0-win32-x64\jre\21.0.12.1-win32-x86_64\bin\java.dll
Event: 0.281 Attempting to load shared library c:\Users\v\.vscode\extensions\redhat.java-1.56.0-win32-x64\jre\21.0.12.1-win32-x86_64\bin\zip.dll
Event: 0.283 Loaded shared library c:\Users\v\.vscode\extensions\redhat.java-1.56.0-win32-x64\jre\21.0.12.1-win32-x86_64\bin\zip.dll
Event: 0.322 Attempting to load shared library C:\Users\v\.vscode\extensions\redhat.java-1.56.0-win32-x64\jre\21.0.12.1-win32-x86_64\bin\instrument.dll
Event: 0.322 Loaded shared library C:\Users\v\.vscode\extensions\redhat.java-1.56.0-win32-x64\jre\21.0.12.1-win32-x86_64\bin\instrument.dll
Event: 0.331 Attempting to load shared library C:\Users\v\.vscode\extensions\redhat.java-1.56.0-win32-x64\jre\21.0.12.1-win32-x86_64\bin\net.dll
Event: 0.333 Loaded shared library C:\Users\v\.vscode\extensions\redhat.java-1.56.0-win32-x64\jre\21.0.12.1-win32-x86_64\bin\net.dll
Event: 0.338 Attempting to load shared library C:\Users\v\.vscode\extensions\redhat.java-1.56.0-win32-x64\jre\21.0.12.1-win32-x86_64\bin\nio.dll
Event: 0.340 Loaded shared library C:\Users\v\.vscode\extensions\redhat.java-1.56.0-win32-x64\jre\21.0.12.1-win32-x86_64\bin\nio.dll
Event: 0.345 Attempting to load shared library C:\Users\v\.vscode\extensions\redhat.java-1.56.0-win32-x64\jre\21.0.12.1-win32-x86_64\bin\zip.dll
Event: 0.345 Loaded shared library C:\Users\v\.vscode\extensions\redhat.java-1.56.0-win32-x64\jre\21.0.12.1-win32-x86_64\bin\zip.dll
Event: 0.397 Attempting to load shared library C:\Users\v\.vscode\extensions\redhat.java-1.56.0-win32-x64\jre\21.0.12.1-win32-x86_64\bin\jimage.dll
Event: 0.397 Loaded shared library C:\Users\v\.vscode\extensions\redhat.java-1.56.0-win32-x64\jre\21.0.12.1-win32-x86_64\bin\jimage.dll
Event: 0.512 Attempting to load shared library c:\Users\v\.vscode\extensions\redhat.java-1.56.0-win32-x64\jre\21.0.12.1-win32-x86_64\bin\verify.dll
Event: 0.514 Loaded shared library c:\Users\v\.vscode\extensions\redhat.java-1.56.0-win32-x64\jre\21.0.12.1-win32-x86_64\bin\verify.dll

Deoptimization events (20 events):
Event: 0.736 Thread 0x000001b62eadf000 Uncommon trap: trap_request=0xffffffde fr.pc=0x000001b63ba3f7f8 relative=0x0000000000000838
Event: 0.736 Thread 0x000001b62eadf000 Uncommon trap: reason=class_check action=maybe_recompile pc=0x000001b63ba3f7f8 method=java.util.HashMap.putVal(ILjava/lang/Object;Ljava/lang/Object;ZZ)Ljava/lang/Object; @ 152 c2
Event: 0.736 Thread 0x000001b62eadf000 DEOPT PACKING pc=0x000001b63ba3f7f8 sp=0x0000003c2caff010
Event: 0.736 Thread 0x000001b62eadf000 DEOPT UNPACKING pc=0x000001b63b4e3aa2 sp=0x0000003c2cafef70 mode 2
Event: 0.736 Thread 0x000001b62eadf000 Uncommon trap: trap_request=0xffffffde fr.pc=0x000001b63ba3f7f8 relative=0x0000000000000838
Event: 0.736 Thread 0x000001b62eadf000 Uncommon trap: reason=class_check action=maybe_recompile pc=0x000001b63ba3f7f8 method=java.util.HashMap.putVal(ILjava/lang/Object;Ljava/lang/Object;ZZ)Ljava/lang/Object; @ 152 c2
Event: 0.736 Thread 0x000001b62eadf000 DEOPT PACKING pc=0x000001b63ba3f7f8 sp=0x0000003c2caff010
Event: 0.736 Thread 0x000001b62eadf000 DEOPT UNPACKING pc=0x000001b63b4e3aa2 sp=0x0000003c2cafef70 mode 2
Event: 0.783 Thread 0x000001b62eadf000 DEOPT PACKING pc=0x000001b633f979a0 sp=0x0000003c2cafcb10
Event: 0.783 Thread 0x000001b62eadf000 DEOPT UNPACKING pc=0x000001b63b4e4242 sp=0x0000003c2cafbfd0 mode 0
Event: 0.803 Thread 0x000001b62eadf000 DEOPT PACKING pc=0x000001b633f979a0 sp=0x0000003c2cafb5a0
Event: 0.803 Thread 0x000001b62eadf000 DEOPT UNPACKING pc=0x000001b63b4e4242 sp=0x0000003c2cafaa60 mode 0
Event: 1.282 Thread 0x000001b62eadf000 Uncommon trap: trap_request=0xffffff45 fr.pc=0x000001b63ba63b04 relative=0x0000000000000164
Event: 1.282 Thread 0x000001b62eadf000 Uncommon trap: reason=unstable_if action=reinterpret pc=0x000001b63ba63b04 method=jdk.internal.util.ArraysSupport.vectorizedHashCode(Ljava/lang/Object;IIII)I @ 2 c2
Event: 1.282 Thread 0x000001b62eadf000 DEOPT PACKING pc=0x000001b63ba63b04 sp=0x0000003c2cafcfe0
Event: 1.282 Thread 0x000001b62eadf000 DEOPT UNPACKING pc=0x000001b63b4e3aa2 sp=0x0000003c2cafcf90 mode 2
Event: 1.316 Thread 0x000001b62eadf000 Uncommon trap: trap_request=0xffffff45 fr.pc=0x000001b63ba52c84 relative=0x00000000000000e4
Event: 1.316 Thread 0x000001b62eadf000 Uncommon trap: reason=unstable_if action=reinterpret pc=0x000001b63ba52c84 method=java.net.URI.match(CJJ)Z @ 45 c2
Event: 1.316 Thread 0x000001b62eadf000 DEOPT PACKING pc=0x000001b63ba52c84 sp=0x0000003c2cafd160
Event: 1.316 Thread 0x000001b62eadf000 DEOPT UNPACKING pc=0x000001b63b4e3aa2 sp=0x0000003c2cafd0c8 mode 2

Classes loaded (20 events):
Event: 1.438 Loading class java/util/LinkedHashMap$LinkedValues
Event: 1.439 Loading class java/util/LinkedHashMap$LinkedValues done
Event: 1.440 Loading class java/util/StringTokenizer
Event: 1.445 Loading class java/util/StringTokenizer done
Event: 1.445 Loading class sun/security/util/DisabledAlgorithmConstraints$KeySizeConstraint
Event: 1.445 Loading class sun/security/util/DisabledAlgorithmConstraints$Constraint
Event: 1.445 Loading class sun/security/util/DisabledAlgorithmConstraints$Constraint done
Event: 1.445 Loading class sun/security/util/DisabledAlgorithmConstraints$KeySizeConstraint done
Event: 1.445 Loading class sun/security/util/DisabledAlgorithmConstraints$Constraint$Operator
Event: 1.445 Loading class sun/security/util/DisabledAlgorithmConstraints$Constraint$Operator done
Event: 1.445 Loading class sun/security/util/DisabledAlgorithmConstraints$DisabledConstraint
Event: 1.445 Loading class sun/security/util/DisabledAlgorithmConstraints$DisabledConstraint done
Event: 1.446 Loading class sun/security/util/DisabledAlgorithmConstraints$Constraints$Holder
Event: 1.446 Loading class sun/security/util/DisabledAlgorithmConstraints$Constraints$Holder done
Event: 1.447 Loading class java/util/regex/Pattern$BnM
Event: 1.447 Loading class java/util/regex/Pattern$BnM done
Event: 1.447 Loading class java/util/regex/Pattern$SliceS
Event: 1.447 Loading class java/util/regex/Pattern$SliceS done
Event: 1.447 Loading class sun/security/util/DisabledAlgorithmConstraints$DenyAfterConstraint
Event: 1.447 Loading class sun/security/util/DisabledAlgorithmConstraints$DenyAfterConstraint done

Classes unloaded (0 events):
No events

Classes redefined (0 events):
No events

Internal exceptions (12 events):
Event: 0.255 Thread 0x000001b62eadf000 Exception <a 'java/lang/NoSuchMethodError'{0x00000007557a9140}: 'void java.lang.invoke.DirectMethodHandle$Holder.invokeStatic(java.lang.Object, java.lang.Object, java.lang.Object)'> (0x00000007557a9140) 
thrown [s\src\hotspot\share\interpreter\linkResolver.cpp, line 773]
Event: 0.367 Thread 0x000001b62eadf000 Exception <a 'java/lang/NoSuchMethodError'{0x0000000755912240}: 'java.lang.Object java.lang.invoke.Invokers$Holder.invokeExact_MT(java.lang.Object, java.lang.Object, java.lang.Object, java.lang.Object, java.lang.Object)'> (0x0000000755912240) 
thrown [s\src\hotspot\share\interpreter\linkResolver.cpp, line 773]
Event: 0.458 Thread 0x000001b62eadf000 Exception <a 'java/lang/NoSuchMethodError'{0x00000007559ca2d0}: 'int java.lang.invoke.DirectMethodHandle$Holder.invokeSpecial(java.lang.Object, java.lang.Object, java.lang.Object, int)'> (0x00000007559ca2d0) 
thrown [s\src\hotspot\share\interpreter\linkResolver.cpp, line 773]
Event: 0.462 Thread 0x000001b62eadf000 Exception <a 'java/lang/NoSuchMethodError'{0x00000007559dccb8}: 'java.lang.Object java.lang.invoke.DirectMethodHandle$Holder.invokeStatic(java.lang.Object, java.lang.Object, java.lang.Object, java.lang.Object, int)'> (0x00000007559dccb8) 
thrown [s\src\hotspot\share\interpreter\linkResolver.cpp, line 773]
Event: 0.464 Thread 0x000001b62eadf000 Exception <a 'java/lang/NoSuchMethodError'{0x00000007559e8160}: 'void java.lang.invoke.DelegatingMethodHandle$Holder.reinvoke_L(java.lang.Object, java.lang.Object, java.lang.Object, int, java.lang.Object)'> (0x00000007559e8160) 
thrown [s\src\hotspot\share\interpreter\linkResolver.cpp, line 773]
Event: 0.468 Thread 0x000001b62eadf000 Exception <a 'java/lang/NoSuchMethodError'{0x00000007559f8ab0}: 'int java.lang.invoke.DirectMethodHandle$Holder.invokeSpecial(java.lang.Object, java.lang.Object, java.lang.Object)'> (0x00000007559f8ab0) 
thrown [s\src\hotspot\share\interpreter\linkResolver.cpp, line 773]
Event: 0.470 Thread 0x000001b62eadf000 Exception <a 'java/lang/NoSuchMethodError'{0x0000000755a04770}: 'java.lang.Object java.lang.invoke.DirectMethodHandle$Holder.invokeStatic(java.lang.Object, java.lang.Object, int)'> (0x0000000755a04770) 
thrown [s\src\hotspot\share\interpreter\linkResolver.cpp, line 773]
Event: 0.471 Thread 0x000001b62eadf000 Exception <a 'java/lang/NoSuchMethodError'{0x0000000755a090c0}: 'void java.lang.invoke.DirectMethodHandle$Holder.invokeStatic(java.lang.Object, java.lang.Object, int, java.lang.Object)'> (0x0000000755a090c0) 
thrown [s\src\hotspot\share\interpreter\linkResolver.cpp, line 773]
Event: 0.472 Thread 0x000001b62eadf000 Exception <a 'java/lang/NoSuchMethodError'{0x0000000755a0cc50}: 'void java.lang.invoke.DirectMethodHandle$Holder.invokeSpecial(java.lang.Object, java.lang.Object, java.lang.Object, int, java.lang.Object)'> (0x0000000755a0cc50) 
thrown [s\src\hotspot\share\interpreter\linkResolver.cpp, line 773]
Event: 0.473 Thread 0x000001b62eadf000 Exception <a 'java/lang/NoSuchMethodError'{0x0000000755a100c0}: 'void java.lang.invoke.DelegatingMethodHandle$Holder.delegate(java.lang.Object, java.lang.Object, int, java.lang.Object)'> (0x0000000755a100c0) 
thrown [s\src\hotspot\share\interpreter\linkResolver.cpp, line 773]
Event: 0.550 Thread 0x000001b62eadf000 Exception <a 'java/lang/NoSuchMethodError'{0x0000000755bcea70}: 'void java.lang.invoke.DelegatingMethodHandle$Holder.reinvoke_L(java.lang.Object, java.lang.Object, java.lang.Object, int)'> (0x0000000755bcea70) 
thrown [s\src\hotspot\share\interpreter\linkResolver.cpp, line 773]
Event: 1.207 Thread 0x000001b62eadf000 Exception <a 'java/lang/NoSuchMethodError'{0x00000007560605b0}: 'void java.lang.invoke.DirectMethodHandle$Holder.invokeVirtual(java.lang.Object, java.lang.Object)'> (0x00000007560605b0) 
thrown [s\src\hotspot\share\interpreter\linkResolver.cpp, line 773]

ZGC Phase Switch (0 events):
No events

VM Operations (6 events):
Event: 0.280 Executing non-safepoint VM operation: HandshakeAllThreads (Deoptimize)
Event: 0.280 Executing non-safepoint VM operation: HandshakeAllThreads (Deoptimize) done
Event: 0.429 Executing non-safepoint VM operation: HandshakeAllThreads (Deoptimize)
Event: 0.429 Executing non-safepoint VM operation: HandshakeAllThreads (Deoptimize) done
Event: 1.429 Executing safepoint VM operation: Cleanup
Event: 1.430 Executing safepoint VM operation: Cleanup done

Memory protections (0 events):
No events

Nmethod flushes (0 events):
No events

Events (11 events):
Event: 0.064 Thread 0x000001b62eadf000 Thread added: 0x000001b62eadf000
Event: 0.112 Thread 0x000001b62eadf000 Thread added: 0x000001b6308cf340
Event: 0.113 Thread 0x000001b62eadf000 Thread added: 0x000001b6308d07a0
Event: 0.113 Thread 0x000001b62eadf000 Thread added: 0x000001b6308d2f90
Event: 0.113 Thread 0x000001b62eadf000 Thread added: 0x000001b6308d3bf0
Event: 0.113 Thread 0x000001b62eadf000 Thread added: 0x000001b6308d6760
Event: 0.113 Thread 0x000001b62eadf000 Thread added: 0x000001b6308d71c0
Event: 0.113 Thread 0x000001b62eadf000 Thread added: 0x000001b6308d8000
Event: 0.131 Thread 0x000001b62eadf000 Thread added: 0x000001b630949980
Event: 0.326 Thread 0x000001b62eadf000 Thread added: 0x000001b697561170
Event: 0.728 Thread 0x000001b62eadf000 Thread added: 0x000001b6976dbc50


Dynamic libraries:
0x00007ff6e0640000 - 0x00007ff6e064e000 	c:\Users\v\.vscode\extensions\redhat.java-1.56.0-win32-x64\jre\21.0.12.1-win32-x86_64\bin\java.exe
0x00007ff999970000 - 0x00007ff999b69000 	C:\Windows\SYSTEM32\ntdll.dll
0x00007ff997db0000 - 0x00007ff997e72000 	C:\Windows\System32\KERNEL32.DLL
0x00007ff997160000 - 0x00007ff997457000 	C:\Windows\System32\KERNELBASE.dll
0x00007ff997060000 - 0x00007ff997160000 	C:\Windows\System32\ucrtbase.dll
0x00007ff970540000 - 0x00007ff970558000 	c:\Users\v\.vscode\extensions\redhat.java-1.56.0-win32-x64\jre\21.0.12.1-win32-x86_64\bin\jli.dll
0x00007ff96d090000 - 0x00007ff96d0ae000 	c:\Users\v\.vscode\extensions\redhat.java-1.56.0-win32-x64\jre\21.0.12.1-win32-x86_64\bin\VCRUNTIME140.dll
0x00007ff9992a0000 - 0x00007ff99943d000 	C:\Windows\System32\USER32.dll
0x00007ff997510000 - 0x00007ff997532000 	C:\Windows\System32\win32u.dll
0x00007ff999160000 - 0x00007ff99918b000 	C:\Windows\System32\GDI32.dll
0x00007ff997730000 - 0x00007ff99784a000 	C:\Windows\System32\gdi32full.dll
0x00007ff996fc0000 - 0x00007ff99705d000 	C:\Windows\System32\msvcp_win.dll
0x00007ff984900000 - 0x00007ff984b9b000 	C:\Windows\WinSxS\amd64_microsoft.windows.common-controls_6595b64144ccf1df_6.0.19041.7663_none_60b9ed0b71f50c93\COMCTL32.dll
0x00007ff999440000 - 0x00007ff9994de000 	C:\Windows\System32\msvcrt.dll
0x00007ff999210000 - 0x00007ff99923f000 	C:\Windows\System32\IMM32.DLL
0x00007ff993e70000 - 0x00007ff993e7c000 	c:\Users\v\.vscode\extensions\redhat.java-1.56.0-win32-x64\jre\21.0.12.1-win32-x86_64\bin\vcruntime140_1.dll
0x00007ff9654e0000 - 0x00007ff96556d000 	c:\Users\v\.vscode\extensions\redhat.java-1.56.0-win32-x64\jre\21.0.12.1-win32-x86_64\bin\msvcp140.dll
0x00007ff95a1a0000 - 0x00007ff95af42000 	c:\Users\v\.vscode\extensions\redhat.java-1.56.0-win32-x64\jre\21.0.12.1-win32-x86_64\bin\server\jvm.dll
0x00007ff998900000 - 0x00007ff9989b2000 	C:\Windows\System32\ADVAPI32.dll
0x00007ff997a30000 - 0x00007ff997ad0000 	C:\Windows\System32\sechost.dll
0x00007ff997c80000 - 0x00007ff997da6000 	C:\Windows\System32\RPCRT4.dll
0x00007ff9978a0000 - 0x00007ff9978c7000 	C:\Windows\System32\bcrypt.dll
0x00007ff9998b0000 - 0x00007ff999923000 	C:\Windows\System32\WS2_32.dll
0x00007ff996630000 - 0x00007ff99667b000 	C:\Windows\SYSTEM32\POWRPROF.dll
0x00007ff9848d0000 - 0x00007ff9848f7000 	C:\Windows\SYSTEM32\WINMM.dll
0x00007ff98f500000 - 0x00007ff98f50a000 	C:\Windows\SYSTEM32\VERSION.dll
0x00007ff9965f0000 - 0x00007ff996602000 	C:\Windows\SYSTEM32\UMPDC.dll
0x00007ff994e10000 - 0x00007ff994e22000 	C:\Windows\SYSTEM32\kernel.appcore.dll
0x00007ff993790000 - 0x00007ff99379a000 	c:\Users\v\.vscode\extensions\redhat.java-1.56.0-win32-x64\jre\21.0.12.1-win32-x86_64\bin\jimage.dll
0x00007ff989130000 - 0x00007ff98933b000 	C:\Windows\SYSTEM32\DBGHELP.DLL
0x00007ff97e6e0000 - 0x00007ff97e715000 	C:\Windows\SYSTEM32\dbgcore.DLL
0x00007ff9976a0000 - 0x00007ff997722000 	C:\Windows\System32\bcryptPrimitives.dll
0x00007ff9910b0000 - 0x00007ff9910bf000 	c:\Users\v\.vscode\extensions\redhat.java-1.56.0-win32-x64\jre\21.0.12.1-win32-x86_64\bin\instrument.dll
0x00007ff9654c0000 - 0x00007ff9654e0000 	c:\Users\v\.vscode\extensions\redhat.java-1.56.0-win32-x64\jre\21.0.12.1-win32-x86_64\bin\java.dll
0x00007ff9989d0000 - 0x00007ff999141000 	C:\Windows\System32\SHELL32.dll
0x00007ff995020000 - 0x00007ff9957cc000 	C:\Windows\SYSTEM32\windows.storage.dll
0x00007ff9994e0000 - 0x00007ff999834000 	C:\Windows\System32\combase.dll
0x00007ff9969e0000 - 0x00007ff996a0b000 	C:\Windows\SYSTEM32\Wldp.dll
0x00007ff9985e0000 - 0x00007ff99868d000 	C:\Windows\System32\SHCORE.dll
0x00007ff998690000 - 0x00007ff9986eb000 	C:\Windows\System32\shlwapi.dll
0x00007ff996ee0000 - 0x00007ff996f05000 	C:\Windows\SYSTEM32\profapi.dll
0x00007ff993800000 - 0x00007ff993818000 	c:\Users\v\.vscode\extensions\redhat.java-1.56.0-win32-x64\jre\21.0.12.1-win32-x86_64\bin\zip.dll
0x00007ff9937b0000 - 0x00007ff9937c0000 	C:\Users\v\.vscode\extensions\redhat.java-1.56.0-win32-x64\jre\21.0.12.1-win32-x86_64\bin\net.dll
0x00007ff98ec00000 - 0x00007ff98ed0d000 	C:\Windows\SYSTEM32\WINHTTP.dll
0x00007ff996710000 - 0x00007ff99677a000 	C:\Windows\system32\mswsock.dll
0x00007ff9654a0000 - 0x00007ff9654b6000 	C:\Users\v\.vscode\extensions\redhat.java-1.56.0-win32-x64\jre\21.0.12.1-win32-x86_64\bin\nio.dll
0x00007ff9937f0000 - 0x00007ff993800000 	c:\Users\v\.vscode\extensions\redhat.java-1.56.0-win32-x64\jre\21.0.12.1-win32-x86_64\bin\verify.dll

JVMTI agents:
c:\Users\v\.vscode\extensions\redhat.java-1.56.0-win32-x64\lombok\lombok-1.18.39-4050.jar path:c:\Users\v\.vscode\extensions\redhat.java-1.56.0-win32-x64\jre\21.0.12.1-win32-x86_64\bin\instrument.dll, loaded, initialized, instrumentlib options:none

dbghelp: loaded successfully - version: 4.0.5 - missing functions: none
symbol engine: initialized successfully - sym options: 0x614 - pdb path: .;c:\Users\v\.vscode\extensions\redhat.java-1.56.0-win32-x64\jre\21.0.12.1-win32-x86_64\bin;C:\Windows\SYSTEM32;C:\Windows\WinSxS\amd64_microsoft.windows.common-controls_6595b64144ccf1df_6.0.19041.7663_none_60b9ed0b71f50c93;c:\Users\v\.vscode\extensions\redhat.java-1.56.0-win32-x64\jre\21.0.12.1-win32-x86_64\bin\server

VM Arguments:
jvm_args: --add-modules=ALL-SYSTEM --add-opens=java.base/java.util=ALL-UNNAMED --add-opens=java.base/java.lang=ALL-UNNAMED --add-opens=java.base/sun.nio.fs=ALL-UNNAMED -Declipse.application=org.eclipse.jdt.ls.core.id1 -Dosgi.bundles.defaultStartLevel=4 -Declipse.product=org.eclipse.jdt.ls.core.product -Djava.import.generatesMetadataFilesAtProjectRoot=false -Dm2e.project.cache.size=50 -DDetectVMInstallationsJob.disabled=true -Dfile.encoding=utf8 -XX:+UseParallelGC -XX:GCTimeRatio=4 -XX:AdaptiveSizePolicyWeight=90 -Dsun.zip.disableMemoryMapping=true -Xmx8G -Xms100m -Xlog:disable -javaagent:c:\Users\v\.vscode\extensions\redhat.java-1.56.0-win32-x64\lombok\lombok-1.18.39-4050.jar -XX:+HeapDumpOnOutOfMemoryError -XX:HeapDumpPath=c:\Users\v\AppData\Roaming\Code\User\workspaceStorage\62fc0edf119feca2305070a9eb120b66\redhat.java -Daether.dependencyCollector.impl=bf 
java_command: c:\Users\v\.vscode\extensions\redhat.java-1.56.0-win32-x64\server\plugins\org.eclipse.equinox.launcher_1.8.0.v20260804-1928.jar -configuration c:\Users\v\AppData\Roaming\Code\User\globalStorage\redhat.java\1.56.0\config_win -data c:\Users\v\AppData\Roaming\Code\User\workspaceStorage\62fc0edf119feca2305070a9eb120b66\redhat.java\jdt_ws --stdio
java_class_path (initial): c:\Users\v\.vscode\extensions\redhat.java-1.56.0-win32-x64\server\plugins\org.eclipse.equinox.launcher_1.8.0.v20260804-1928.jar
Launcher Type: SUN_STANDARD

[Global flags]
    uintx AdaptiveSizePolicyWeight                 = 90                                        {product} {command line}
     intx CICompilerCount                          = 3                                         {product} {ergonomic}
    uintx GCTimeRatio                              = 4                                         {product} {command line}
     bool HeapDumpOnOutOfMemoryError               = true                                   {manageable} {command line}
    ccstr HeapDumpPath                             = c:\Users\v\AppData\Roaming\Code\User\workspaceStorage\62fc0edf119feca2305070a9eb120b66\redhat.java         {manageable} {command line}
   size_t InitialHeapSize                          = 104857600                                 {product} {command line}
   size_t MaxHeapSize                              = 8589934592                                {product} {command line}
   size_t MaxNewSize                               = 2863136768                                {product} {ergonomic}
   size_t MinHeapDeltaBytes                        = 524288                                    {product} {ergonomic}
   size_t MinHeapSize                              = 104857600                                 {product} {command line}
   size_t NewSize                                  = 34603008                                  {product} {ergonomic}
    uintx NonNMethodCodeHeapSize                   = 5832780                                {pd product} {ergonomic}
    uintx NonProfiledCodeHeapSize                  = 122912730                              {pd product} {ergonomic}
   size_t OldSize                                  = 70254592                                  {product} {ergonomic}
    uintx ProfiledCodeHeapSize                     = 122912730                              {pd product} {ergonomic}
    uintx ReservedCodeCacheSize                    = 251658240                              {pd product} {ergonomic}
     bool SegmentedCodeCache                       = true                                      {product} {ergonomic}
   size_t SoftMaxHeapSize                          = 8589934592                             {manageable} {ergonomic}
     bool UseCompressedOops                        = true                           {product lp64_product} {ergonomic}
     bool UseLargePagesIndividualAllocation        = false                                  {pd product} {ergonomic}
     bool UseParallelGC                            = true                                      {product} {command line}

Logging:
Log output configuration:
 #0: stdout all=off uptime,level,tags foldmultilines=false
 #1: stderr all=off uptime,level,tags foldmultilines=false

Release file:
JAVA_VERSION="21.0.12.1" 
MODULES="java.base java.compiler java.datatransfer java.xml java.prefs java.desktop java.instrument java.logging java.management java.security.sasl java.naming java.rmi java.management.rmi java.net.http java.scripting java.security.jgss java.transaction.xa java.sql java.sql.rowset java.xml.crypto java.se java.smartcardio jdk.accessibility jdk.internal.jvmstat jdk.attach jdk.charsets jdk.internal.opt jdk.zipfs jdk.compiler jdk.crypto.ec jdk.crypto.cryptoki jdk.crypto.mscapi jdk.dynalink jdk.internal.ed jdk.editpad jdk.hotspot.agent jdk.httpserver jdk.internal.le jdk.internal.vm.ci jdk.internal.vm.compiler jdk.internal.vm.compiler.management jdk.jartool jdk.javadoc jdk.jcmd jdk.management jdk.management.agent jdk.jconsole jdk.jdeps jdk.jdwp.agent jdk.jdi jdk.jfr jdk.jshell jdk.jsobject jdk.jstatd jdk.localedata jdk.management.jfr jdk.naming.dns jdk.naming.rmi jdk.net jdk.nio.mapmode jdk.random jdk.sctp jdk.security.auth jdk.security.jgss jdk.unsupported jdk.unsupported.desktop jdk.xml.dom" 

Environment Variables:
PATH=C:\Program Files\Common Files\Oracle\Java\javapath;C:\Windows\system32;C:\Windows;C:\Windows\System32\Wbem;C:\Windows\System32\WindowsPowerShell\v1.0\;C:\Windows\System32\OpenSSH\;C:\MinGW\bin;C:\Program Files\dotnet\;C:\Program Files (x86)\Windows Kits\10\Windows Performance Toolkit\;C:\Program Files\Git\cmd;C:\Program Files\Git\mingw64\bin;C:\Program Files\Git\usr\bin;C:\ProgramData\chocolatey\bin;C:\Program Files\nodejs\;C:\Users\v\AppData\Roaming\Microsoft\Windows\Start Menu\Programs;C:\Program Files\MySQL\MySQL Server 8.0\bin;C:\Program Files\MySQL\MySQL Shell 8.0\bin\;C:\Users\v\AppData\Local\Programs\Python\Python313\Scripts\;C:\Users\v\AppData\Local\Programs\Python\Python313\;C:\Users\v\anaconda3;C:\Users\v\anaconda3\Library\mingw-w64\bin;C:\Users\v\anaconda3\Library\usr\bin;C:\Users\v\anaconda3\Library\bin;C:\Users\v\anaconda3\Scripts;C:\Users\v\AppData\Local\Microsoft\WindowsApps;C:\Users\v\AppData\Local\Programs\Microsoft VS Code\bin;C:\Users\v\AppData\Local\spicetify;C:\Users\v\AppData\Roaming\npm
USERNAME=v
OS=Windows_NT
PROCESSOR_IDENTIFIER=Intel64 Family 6 Model 142 Stepping 12, GenuineIntel
TMP=C:\Users\v\AppData\Local\Temp
TEMP=C:\Users\v\AppData\Local\Temp




Periodic native trim disabled

---------------  S Y S T E M  ---------------

OS:
 Windows 10 , 64 bit Build 19041 (10.0.19041.7725)
OS uptime: 0 days 0:11 hours

CPU: total 4 (initial active 4) (2 cores per cpu, 2 threads per core) family 6 model 142 stepping 12 microcode 0xde, cx8, cmov, fxsr, ht, mmx, 3dnowpref, sse, sse2, sse3, ssse3, sse4.1, sse4.2, popcnt, lzcnt, tsc, tscinvbit, avx, avx2, aes, erms, clmul, bmi1, bmi2, adx, fma, vzeroupper, clflush, clflushopt, rdtscp, f16c
Processor Information for the first 4 processors :
  Max Mhz: 2592, Current Mhz: 2093, Mhz Limit: 2073

Memory: 4k page, system-wide physical 3930M (47M free)
TotalPageFile size 16218M (AvailPageFile size 0M)
current process WorkingSet (physical memory assigned to process): 52M, peak: 52M
current process commit charge ("private bytes"): 418M, peak: 419M

vm_info: OpenJDK 64-Bit Server VM (21.0.12.1+1-LTS) for windows-amd64 JRE (21.0.12.1+1-LTS), built on 2026-08-18T00:00:00Z by "admin" with MS VC++ 17.12 (VS2022)

END.
