#
# There is insufficient memory for the Java Runtime Environment to continue.
# Native memory allocation (malloc) failed to allocate 323376 bytes. Error detail: Chunk::new
# Possible reasons:
#   The system is out of physical RAM or swap space
#   This process is running with CompressedOops enabled, and the Java Heap may be blocking the growth of the native heap
# Possible solutions:
#   Reduce memory load on the system
#   Increase physical memory or swap space
#   Check if swap backing store is full
#   Decrease Java heap size (-Xmx/-Xms)
#   Decrease Java thread stack sizes (-Xss)
#   Set larger code cache with -XX:ReservedCodeCacheSize=
#   JVM is running with Zero Based Compressed Oops mode in which the Java heap is
#     placed in the first 32GB address space. The Java Heap base address is the
#     maximum limit for the native heap growth. Please use -XX:HeapBaseMinAddress
#     to set the Java Heap base and to place the Java Heap above 32GB virtual address.
# This output file may be truncated or incomplete.
#
#  Out of Memory Error (arena.cpp:168), pid=5640, tid=1744
#
# JRE version: OpenJDK Runtime Environment Temurin-21.0.12.1+1 (21.0.12.1+1) (build 21.0.12.1+1-LTS)
# Java VM: OpenJDK 64-Bit Server VM Temurin-21.0.12.1+1 (21.0.12.1+1-LTS, mixed mode, sharing, tiered, compressed oops, compressed class ptrs, parallel gc, windows-amd64)
# No core dump will be written. Minidumps are not enabled by default on client versions of Windows
#

---------------  S U M M A R Y ------------

Command Line: --add-modules=ALL-SYSTEM --add-opens=java.base/java.util=ALL-UNNAMED --add-opens=java.base/java.lang=ALL-UNNAMED --add-opens=java.base/sun.nio.fs=ALL-UNNAMED -Declipse.application=org.eclipse.jdt.ls.core.id1 -Dosgi.bundles.defaultStartLevel=4 -Declipse.product=org.eclipse.jdt.ls.core.product -Djava.import.generatesMetadataFilesAtProjectRoot=false -Dm2e.project.cache.size=50 -DDetectVMInstallationsJob.disabled=true -Dfile.encoding=utf8 -XX:+UseParallelGC -XX:GCTimeRatio=4 -XX:AdaptiveSizePolicyWeight=90 -Dsun.zip.disableMemoryMapping=true -Xmx8G -Xms100m -Xlog:disable -javaagent:c:\Users\v\.vscode\extensions\redhat.java-1.56.0-win32-x64\lombok\lombok-1.18.39-4050.jar -XX:+HeapDumpOnOutOfMemoryError -XX:HeapDumpPath=c:\Users\v\AppData\Roaming\Code\User\workspaceStorage\62fc0edf119feca2305070a9eb120b66\redhat.java -Daether.dependencyCollector.impl=bf c:\Users\v\.vscode\extensions\redhat.java-1.56.0-win32-x64\server\plugins\org.eclipse.equinox.launcher_1.8.0.v20260804-1928.jar -configuration c:\Users\v\AppData\Roaming\Code\User\globalStorage\redhat.java\1.56.0\config_win -data c:\Users\v\AppData\Roaming\Code\User\workspaceStorage\62fc0edf119feca2305070a9eb120b66\redhat.java\jdt_ws --stdio

Host: Intel(R) Core(TM) i3-10110U CPU @ 2.10GHz, 4 cores, 3G,  Windows 10 , 64 bit Build 19041 (10.0.19041.7725)
Time: Tue Sep 29 15:02:05 2026 India Standard Time elapsed time: 1.253130 seconds (0d 0h 0m 1s)

---------------  T H R E A D  ---------------

Current thread (0x000001640e617e40):  JavaThread "C2 CompilerThread0" daemon [_thread_in_native, id=1744, stack(0x0000004108d00000,0x0000004108e00000) (1024K)]


Current CompileTask:
C2:1253  729       4       lombok.patcher.scripts.MethodLevelPatchScript::patch (21 bytes)

Stack: [0x0000004108d00000,0x0000004108e00000]
Native frames: (J=compiled Java code, j=interpreted, Vv=VM code, C=native code)
V  [jvm.dll+0x6d83e9]
V  [jvm.dll+0x8b5736]
V  [jvm.dll+0x8b7cee]
V  [jvm.dll+0x8b83d3]
V  [jvm.dll+0x284596]
V  [jvm.dll+0xc685d]
V  [jvm.dll+0xc6da1]
V  [jvm.dll+0x3bf151]
V  [jvm.dll+0x38b6d2]
V  [jvm.dll+0x38ab1a]
V  [jvm.dll+0x24c700]
V  [jvm.dll+0x24bce0]
V  [jvm.dll+0x1cb4ae]
V  [jvm.dll+0x25baad]
V  [jvm.dll+0x25a03a]
V  [jvm.dll+0x3f8aae]
V  [jvm.dll+0x8600cd]
V  [jvm.dll+0x6d6c1d]
C  [ucrtbase.dll+0x21bb2]
C  [KERNEL32.DLL+0x17384]
C  [ntdll.dll+0x4cc91]


---------------  P R O C E S S  ---------------

Threads class SMR info:
_java_thread_list=0x0000016475377200, length=11, elements={
0x000001640ea62190, 0x000001640e60e060, 0x000001640e60f8d0, 0x000001640e6113c0,
0x000001640e613190, 0x000001640e616650, 0x000001640e6170b0, 0x000001640e617e40,
0x000001640e6816f0, 0x00000164752672d0, 0x00000164753754f0
}

Java Threads: ( => current thread )
  0x000001640ea62190 JavaThread "main"                              [_thread_in_vm, id=10148, stack(0x0000004108300000,0x0000004108400000) (1024K)]
  0x000001640e60e060 JavaThread "Reference Handler"          daemon [_thread_blocked, id=11356, stack(0x0000004108700000,0x0000004108800000) (1024K)]
  0x000001640e60f8d0 JavaThread "Finalizer"                  daemon [_thread_blocked, id=14584, stack(0x0000004108800000,0x0000004108900000) (1024K)]
  0x000001640e6113c0 JavaThread "Signal Dispatcher"          daemon [_thread_blocked, id=2056, stack(0x0000004108900000,0x0000004108a00000) (1024K)]
  0x000001640e613190 JavaThread "Attach Listener"            daemon [_thread_blocked, id=3168, stack(0x0000004108a00000,0x0000004108b00000) (1024K)]
  0x000001640e616650 JavaThread "Service Thread"             daemon [_thread_blocked, id=5008, stack(0x0000004108b00000,0x0000004108c00000) (1024K)]
  0x000001640e6170b0 JavaThread "Monitor Deflation Thread"   daemon [_thread_blocked, id=9876, stack(0x0000004108c00000,0x0000004108d00000) (1024K)]
=>0x000001640e617e40 JavaThread "C2 CompilerThread0"         daemon [_thread_in_native, id=1744, stack(0x0000004108d00000,0x0000004108e00000) (1024K)]
  0x000001640e6816f0 JavaThread "C1 CompilerThread0"         daemon [_thread_blocked, id=14748, stack(0x0000004108e00000,0x0000004108f00000) (1024K)]
  0x00000164752672d0 JavaThread "Common-Cleaner"             daemon [_thread_blocked, id=11848, stack(0x0000004108f00000,0x0000004109000000) (1024K)]
  0x00000164753754f0 JavaThread "Notification Thread"        daemon [_thread_blocked, id=13968, stack(0x0000004109000000,0x0000004109100000) (1024K)]
Total: 11

Other Threads:
  0x000001640e5fe820 VMThread "VM Thread"                           [id=4192, stack(0x0000004108600000,0x0000004108700000) (1024K)]
  0x000001640eacbd50 WatcherThread "VM Periodic Task Thread"        [id=14408, stack(0x0000004108500000,0x0000004108600000) (1024K)]
  0x000001640ea7f3c0 WorkerThread "GC Thread#0"                     [id=7136, stack(0x0000004108400000,0x0000004108500000) (1024K)]
Total: 3

Threads with active compile tasks:
C2 CompilerThread0  1502  729       4       lombok.patcher.scripts.MethodLevelPatchScript::patch (21 bytes)
Total: 1

VM state: not at safepoint (normal execution)

VM Mutex/Monitor currently owned by a thread: None

Heap address: 0x0000000600000000, size: 8192 MB, Compressed Oops mode: Zero based, Oop shift amount: 3

CDS archive(s) mapped at: [0x0000016434000000-0x0000016434ba0000-0x0000016434ba0000), size 12189696, SharedBaseAddress: 0x0000016434000000, ArchiveRelocationMode: 1.
Compressed class space mapped at: 0x0000016435000000-0x0000016475000000, reserved size: 1073741824
Narrow klass base: 0x0000016434000000, Narrow klass shift: 0, Narrow klass range: 0x100000000

GC Precious Log:
 CardTable entry size: 512
 CPUs: 4 total, 4 available
 Memory: 3930M
 Large Page Support: Disabled
 NUMA Support: Disabled
 Compressed Oops: Enabled (Zero based)
 Alignments: Space 512K, Generation 512K, Heap 2M
 Heap Min Capacity: 100M
 Heap Initial Capacity: 100M
 Heap Max Capacity: 8G
 Pre-touch: Disabled
 Parallel Workers: 4

Heap:
 PSYoungGen      total 29696K, used 16003K [0x0000000755580000, 0x0000000757680000, 0x0000000800000000)
  eden space 25600K, 62% used [0x0000000755580000,0x0000000756520de0,0x0000000756e80000)
  from space 4096K, 0% used [0x0000000757280000,0x0000000757280000,0x0000000757680000)
  to   space 4096K, 0% used [0x0000000756e80000,0x0000000756e80000,0x0000000757280000)
 ParOldGen       total 68608K, used 0K [0x0000000600000000, 0x0000000604300000, 0x0000000755580000)
  object space 68608K, 0% used [0x0000000600000000,0x0000000600000000,0x0000000604300000)
 Metaspace       used 3176K, committed 3456K, reserved 1114112K
  class space    used 328K, committed 448K, reserved 1048576K

Card table byte_map: [0x0000016420c70000,0x0000016421c80000] _byte_map_base: 0x000001641dc70000

Marking Bits: (ParMarkBitMap*) 0x00007ff95ae644a0
 Begin Bits: [0x0000016422730000, 0x000001642a730000)
 End Bits:   [0x000001642a730000, 0x0000016432730000)

Polling page: 0x000001640e230000

Metaspace:

Usage:
  Non-class:      2.78 MB used.
      Class:    328.48 KB used.
       Both:      3.10 MB used.

Virtual space:
  Non-class space:       64.00 MB reserved,       2.94 MB (  5%) committed,  1 nodes.
      Class space:        1.00 GB reserved,     448.00 KB ( <1%) committed,  1 nodes.
             Both:        1.06 GB reserved,       3.38 MB ( <1%) committed. 

Chunk freelists:
   Non-Class:  11.54 MB
       Class:  15.52 MB
        Both:  27.07 MB

MaxMetaspaceSize: unlimited
CompressedClassSpaceSize: 1.00 GB
Initial GC threshold: 21.00 MB
Current GC threshold: 21.00 MB
CDS: on
 - commit_granule_bytes: 65536.
 - commit_granule_words: 8192.
 - virtual_space_node_default_size: 8388608.
 - enlarge_chunks_in_place: 1.
 - use_allocation_guard: 0.


Internal statistics:

num_allocs_failed_limit: 0.
num_arena_births: 112.
num_arena_deaths: 0.
num_vsnodes_births: 2.
num_vsnodes_deaths: 0.
num_space_committed: 54.
num_space_uncommitted: 0.
num_chunks_returned_to_freelist: 0.
num_chunks_taken_from_freelist: 141.
num_chunk_merges: 0.
num_chunk_splits: 97.
num_chunks_enlarged: 60.
num_inconsistent_stats: 0.

CodeHeap 'non-profiled nmethods': size=120000Kb used=317Kb max_used=317Kb free=119682Kb
 bounds [0x0000016419740000, 0x00000164199b0000, 0x0000016420c70000]
CodeHeap 'profiled nmethods': size=120000Kb used=1243Kb max_used=1243Kb free=118756Kb
 bounds [0x0000016411c70000, 0x0000016411ee0000, 0x00000164191a0000]
CodeHeap 'non-nmethods': size=5760Kb used=1188Kb max_used=1202Kb free=4571Kb
 bounds [0x00000164191a0000, 0x0000016419410000, 0x0000016419740000]
CodeCache: size=245760Kb, used=2748Kb, max_used=2762Kb, free=243009Kb
 total_blobs=1257, nmethods=810, adapters=354, full_count=0
Compilation: enabled, stopped_count=0, restarted_count=0

Compilation events (20 events):
Event: 1.196 Thread 0x000001640e6816f0  730       3       java.lang.String::toLowerCase (29 bytes)
Event: 1.196 Thread 0x000001640e6816f0 nmethod 730 0x0000016411d8a610 code [0x0000016411d8a7e0, 0x0000016411d8aaa0]
Event: 1.197 Thread 0x000001640e6816f0  732       3       java.security.Provider$ServiceKey::<init> (39 bytes)
Event: 1.197 Thread 0x000001640e6816f0 nmethod 732 0x0000016411d8ab90 code [0x0000016411d8ad80, 0x0000016411d8b1d8]
Event: 1.198 Thread 0x000001640e6816f0  733       1       java.security.Provider$UString::toString (5 bytes)
Event: 1.198 Thread 0x000001640e6816f0 nmethod 733 0x0000016419786590 code [0x0000016419786720, 0x00000164197867f0]
Event: 1.198 Thread 0x000001640e6816f0  734       1       java.security.Provider$Service::getProvider (5 bytes)
Event: 1.198 Thread 0x000001640e6816f0 nmethod 734 0x0000016419786890 code [0x0000016419786a20, 0x0000016419786af0]
Event: 1.199 Thread 0x000001640e6816f0  735       1       java.security.Provider$Service::getClassName (5 bytes)
Event: 1.199 Thread 0x000001640e6816f0 nmethod 735 0x0000016419786b90 code [0x0000016419786d20, 0x0000016419786df0]
Event: 1.201 Thread 0x000001640e6816f0  736       3       sun.security.provider.SHA2::implCompress0 (448 bytes)
Event: 1.201 Thread 0x000001640e617e40 nmethod 728 0x0000016419786e90 code [0x0000016419787080, 0x00000164197876d8]
Event: 1.201 Thread 0x000001640e617e40  729       4       lombok.patcher.scripts.MethodLevelPatchScript::patch (21 bytes)
Event: 1.201 Thread 0x000001640e6816f0 nmethod 736 0x0000016411d8b390 code [0x0000016411d8b5e0, 0x0000016411d8c1a8]
Event: 1.202 Thread 0x000001640e6816f0  738       3       sun.security.provider.ByteArrayAccess::b2iBig64 (231 bytes)
Event: 1.207 Thread 0x000001640e6816f0 nmethod 738 0x0000016411d8c890 code [0x0000016411d8d0e0, 0x0000016411d91c70]
Event: 1.208 Thread 0x000001640e6816f0  739       3       sun.security.provider.SHA2::implCompress (13 bytes)
Event: 1.208 Thread 0x000001640e6816f0 nmethod 739 0x0000016411d93110 code [0x0000016411d93300, 0x0000016411d93738]
Event: 1.208 Thread 0x000001640e6816f0  740       3       sun.security.provider.SHA2::implCompressCheck (18 bytes)
Event: 1.208 Thread 0x000001640e6816f0 nmethod 740 0x0000016411d93990 code [0x0000016411d93b60, 0x0000016411d93ef0]

GC Heap History (0 events):
No events

Dll operation events (16 events):
Event: 0.008 Attempting to load shared library c:\Users\v\.vscode\extensions\redhat.java-1.56.0-win32-x64\jre\21.0.12.1-win32-x86_64\bin\java.dll
Event: 0.008 Loaded shared library c:\Users\v\.vscode\extensions\redhat.java-1.56.0-win32-x64\jre\21.0.12.1-win32-x86_64\bin\java.dll
Event: 0.133 Attempting to load shared library c:\Users\v\.vscode\extensions\redhat.java-1.56.0-win32-x64\jre\21.0.12.1-win32-x86_64\bin\zip.dll
Event: 0.133 Loaded shared library c:\Users\v\.vscode\extensions\redhat.java-1.56.0-win32-x64\jre\21.0.12.1-win32-x86_64\bin\zip.dll
Event: 0.186 Attempting to load shared library C:\Users\v\.vscode\extensions\redhat.java-1.56.0-win32-x64\jre\21.0.12.1-win32-x86_64\bin\instrument.dll
Event: 0.186 Loaded shared library C:\Users\v\.vscode\extensions\redhat.java-1.56.0-win32-x64\jre\21.0.12.1-win32-x86_64\bin\instrument.dll
Event: 0.192 Attempting to load shared library C:\Users\v\.vscode\extensions\redhat.java-1.56.0-win32-x64\jre\21.0.12.1-win32-x86_64\bin\net.dll
Event: 0.195 Loaded shared library C:\Users\v\.vscode\extensions\redhat.java-1.56.0-win32-x64\jre\21.0.12.1-win32-x86_64\bin\net.dll
Event: 0.198 Attempting to load shared library C:\Users\v\.vscode\extensions\redhat.java-1.56.0-win32-x64\jre\21.0.12.1-win32-x86_64\bin\nio.dll
Event: 0.199 Loaded shared library C:\Users\v\.vscode\extensions\redhat.java-1.56.0-win32-x64\jre\21.0.12.1-win32-x86_64\bin\nio.dll
Event: 0.203 Attempting to load shared library C:\Users\v\.vscode\extensions\redhat.java-1.56.0-win32-x64\jre\21.0.12.1-win32-x86_64\bin\zip.dll
Event: 0.203 Loaded shared library C:\Users\v\.vscode\extensions\redhat.java-1.56.0-win32-x64\jre\21.0.12.1-win32-x86_64\bin\zip.dll
Event: 0.231 Attempting to load shared library C:\Users\v\.vscode\extensions\redhat.java-1.56.0-win32-x64\jre\21.0.12.1-win32-x86_64\bin\jimage.dll
Event: 0.231 Loaded shared library C:\Users\v\.vscode\extensions\redhat.java-1.56.0-win32-x64\jre\21.0.12.1-win32-x86_64\bin\jimage.dll
Event: 0.455 Attempting to load shared library c:\Users\v\.vscode\extensions\redhat.java-1.56.0-win32-x64\jre\21.0.12.1-win32-x86_64\bin\verify.dll
Event: 0.456 Loaded shared library c:\Users\v\.vscode\extensions\redhat.java-1.56.0-win32-x64\jre\21.0.12.1-win32-x86_64\bin\verify.dll

Deoptimization events (20 events):
Event: 1.148 Thread 0x000001640ea62190 DEOPT PACKING pc=0x0000016411d75384 sp=0x00000041083fd5b0
Event: 1.148 Thread 0x000001640ea62190 DEOPT UNPACKING pc=0x00000164191f4242 sp=0x00000041083fca08 mode 0
Event: 1.149 Thread 0x000001640ea62190 DEOPT PACKING pc=0x0000016411d75384 sp=0x00000041083fd5b0
Event: 1.149 Thread 0x000001640ea62190 DEOPT UNPACKING pc=0x00000164191f4242 sp=0x00000041083fca08 mode 0
Event: 1.149 Thread 0x000001640ea62190 DEOPT PACKING pc=0x0000016411d75384 sp=0x00000041083fd530
Event: 1.149 Thread 0x000001640ea62190 DEOPT UNPACKING pc=0x00000164191f4242 sp=0x00000041083fc988 mode 0
Event: 1.149 Thread 0x000001640ea62190 DEOPT PACKING pc=0x0000016411d75384 sp=0x00000041083fd5b0
Event: 1.149 Thread 0x000001640ea62190 DEOPT UNPACKING pc=0x00000164191f4242 sp=0x00000041083fca08 mode 0
Event: 1.149 Thread 0x000001640ea62190 DEOPT PACKING pc=0x0000016411d75384 sp=0x00000041083fd5b0
Event: 1.149 Thread 0x000001640ea62190 DEOPT UNPACKING pc=0x00000164191f4242 sp=0x00000041083fca08 mode 0
Event: 1.149 Thread 0x000001640ea62190 DEOPT PACKING pc=0x0000016411d75384 sp=0x00000041083fd530
Event: 1.149 Thread 0x000001640ea62190 DEOPT UNPACKING pc=0x00000164191f4242 sp=0x00000041083fc988 mode 0
Event: 1.149 Thread 0x000001640ea62190 DEOPT PACKING pc=0x0000016411d75384 sp=0x00000041083fd5b0
Event: 1.149 Thread 0x000001640ea62190 DEOPT UNPACKING pc=0x00000164191f4242 sp=0x00000041083fca08 mode 0
Event: 1.149 Thread 0x000001640ea62190 DEOPT PACKING pc=0x0000016411d75384 sp=0x00000041083fd5b0
Event: 1.149 Thread 0x000001640ea62190 DEOPT UNPACKING pc=0x00000164191f4242 sp=0x00000041083fca08 mode 0
Event: 1.158 Thread 0x000001640ea62190 Uncommon trap: trap_request=0xffffff6e fr.pc=0x000001641978432c relative=0x000000000000020c
Event: 1.158 Thread 0x000001640ea62190 Uncommon trap: reason=loop_limit_check action=maybe_recompile pc=0x000001641978432c method=java.math.BigInteger.implMulAdd([I[IIII)I @ 26 c2
Event: 1.158 Thread 0x000001640ea62190 DEOPT PACKING pc=0x000001641978432c sp=0x00000041083fd790
Event: 1.158 Thread 0x000001640ea62190 DEOPT UNPACKING pc=0x00000164191f3aa2 sp=0x00000041083fd6e0 mode 2

Classes loaded (20 events):
Event: 1.180 Loading class java/security/interfaces/XECKey
Event: 1.180 Loading class java/security/interfaces/XECKey done
Event: 1.181 Loading class sun/security/util/KeyUtil
Event: 1.181 Loading class sun/security/util/KeyUtil done
Event: 1.181 Loading class sun/security/util/Length
Event: 1.181 Loading class sun/security/util/Length done
Event: 1.181 Loading class javax/crypto/SecretKey
Event: 1.187 Loading class javax/crypto/SecretKey done
Event: 1.190 Loading class java/util/Base64
Event: 1.191 Loading class java/util/Base64 done
Event: 1.191 Loading class java/util/Base64$Decoder
Event: 1.193 Loading class java/util/Base64$Decoder done
Event: 1.193 Loading class java/util/Base64$Encoder
Event: 1.193 Loading class java/util/Base64$Encoder done
Event: 1.194 Loading class java/util/LinkedList$Node
Event: 1.194 Loading class java/util/LinkedList$Node done
Event: 1.195 Loading class java/util/jar/JarVerifier$VerifierStream
Event: 1.195 Loading class java/util/jar/JarVerifier$VerifierStream done
Event: 1.195 Loading class sun/security/util/ManifestEntryVerifier$SunProviderHolder
Event: 1.196 Loading class sun/security/util/ManifestEntryVerifier$SunProviderHolder done

Classes unloaded (0 events):
No events

Classes redefined (0 events):
No events

Internal exceptions (12 events):
Event: 0.120 Thread 0x000001640ea62190 Exception <a 'java/lang/NoSuchMethodError'{0x00000007557a9140}: 'void java.lang.invoke.DirectMethodHandle$Holder.invokeStatic(java.lang.Object, java.lang.Object, java.lang.Object)'> (0x00000007557a9140) 
thrown [s\src\hotspot\share\interpreter\linkResolver.cpp, line 773]
Event: 0.220 Thread 0x000001640ea62190 Exception <a 'java/lang/NoSuchMethodError'{0x0000000755912240}: 'java.lang.Object java.lang.invoke.Invokers$Holder.invokeExact_MT(java.lang.Object, java.lang.Object, java.lang.Object, java.lang.Object, java.lang.Object)'> (0x0000000755912240) 
thrown [s\src\hotspot\share\interpreter\linkResolver.cpp, line 773]
Event: 0.350 Thread 0x000001640ea62190 Exception <a 'java/lang/NoSuchMethodError'{0x00000007559ca2d0}: 'int java.lang.invoke.DirectMethodHandle$Holder.invokeSpecial(java.lang.Object, java.lang.Object, java.lang.Object, int)'> (0x00000007559ca2d0) 
thrown [s\src\hotspot\share\interpreter\linkResolver.cpp, line 773]
Event: 0.354 Thread 0x000001640ea62190 Exception <a 'java/lang/NoSuchMethodError'{0x00000007559dccb8}: 'java.lang.Object java.lang.invoke.DirectMethodHandle$Holder.invokeStatic(java.lang.Object, java.lang.Object, java.lang.Object, java.lang.Object, int)'> (0x00000007559dccb8) 
thrown [s\src\hotspot\share\interpreter\linkResolver.cpp, line 773]
Event: 0.357 Thread 0x000001640ea62190 Exception <a 'java/lang/NoSuchMethodError'{0x00000007559e80f8}: 'void java.lang.invoke.DelegatingMethodHandle$Holder.reinvoke_L(java.lang.Object, java.lang.Object, java.lang.Object, int, java.lang.Object)'> (0x00000007559e80f8) 
thrown [s\src\hotspot\share\interpreter\linkResolver.cpp, line 773]
Event: 0.361 Thread 0x000001640ea62190 Exception <a 'java/lang/NoSuchMethodError'{0x00000007559f8a48}: 'int java.lang.invoke.DirectMethodHandle$Holder.invokeSpecial(java.lang.Object, java.lang.Object, java.lang.Object)'> (0x00000007559f8a48) 
thrown [s\src\hotspot\share\interpreter\linkResolver.cpp, line 773]
Event: 0.365 Thread 0x000001640ea62190 Exception <a 'java/lang/NoSuchMethodError'{0x0000000755a04708}: 'java.lang.Object java.lang.invoke.DirectMethodHandle$Holder.invokeStatic(java.lang.Object, java.lang.Object, int)'> (0x0000000755a04708) 
thrown [s\src\hotspot\share\interpreter\linkResolver.cpp, line 773]
Event: 0.367 Thread 0x000001640ea62190 Exception <a 'java/lang/NoSuchMethodError'{0x0000000755a09058}: 'void java.lang.invoke.DirectMethodHandle$Holder.invokeStatic(java.lang.Object, java.lang.Object, int, java.lang.Object)'> (0x0000000755a09058) 
thrown [s\src\hotspot\share\interpreter\linkResolver.cpp, line 773]
Event: 0.367 Thread 0x000001640ea62190 Exception <a 'java/lang/NoSuchMethodError'{0x0000000755a0cbe8}: 'void java.lang.invoke.DirectMethodHandle$Holder.invokeSpecial(java.lang.Object, java.lang.Object, java.lang.Object, int, java.lang.Object)'> (0x0000000755a0cbe8) 
thrown [s\src\hotspot\share\interpreter\linkResolver.cpp, line 773]
Event: 0.368 Thread 0x000001640ea62190 Exception <a 'java/lang/NoSuchMethodError'{0x0000000755a10058}: 'void java.lang.invoke.DelegatingMethodHandle$Holder.delegate(java.lang.Object, java.lang.Object, int, java.lang.Object)'> (0x0000000755a10058) 
thrown [s\src\hotspot\share\interpreter\linkResolver.cpp, line 773]
Event: 0.504 Thread 0x000001640ea62190 Exception <a 'java/lang/NoSuchMethodError'{0x0000000755bcea08}: 'void java.lang.invoke.DelegatingMethodHandle$Holder.reinvoke_L(java.lang.Object, java.lang.Object, java.lang.Object, int)'> (0x0000000755bcea08) 
thrown [s\src\hotspot\share\interpreter\linkResolver.cpp, line 773]
Event: 0.855 Thread 0x000001640ea62190 Exception <a 'java/lang/NoSuchMethodError'{0x0000000756060388}: 'void java.lang.invoke.DirectMethodHandle$Holder.invokeVirtual(java.lang.Object, java.lang.Object)'> (0x0000000756060388) 
thrown [s\src\hotspot\share\interpreter\linkResolver.cpp, line 773]

ZGC Phase Switch (0 events):
No events

VM Operations (8 events):
Event: 0.126 Executing non-safepoint VM operation: HandshakeAllThreads (Deoptimize)
Event: 0.126 Executing non-safepoint VM operation: HandshakeAllThreads (Deoptimize) done
Event: 0.253 Executing non-safepoint VM operation: HandshakeAllThreads (Deoptimize)
Event: 0.253 Executing non-safepoint VM operation: HandshakeAllThreads (Deoptimize) done
Event: 1.188 Executing non-safepoint VM operation: HandshakeAllThreads (Deoptimize)
Event: 1.188 Executing non-safepoint VM operation: HandshakeAllThreads (Deoptimize) done
Event: 1.188 Executing safepoint VM operation: Cleanup
Event: 1.188 Executing safepoint VM operation: Cleanup done

Memory protections (0 events):
No events

Nmethod flushes (0 events):
No events

Events (11 events):
Event: 0.025 Thread 0x000001640ea62190 Thread added: 0x000001640ea62190
Event: 0.066 Thread 0x000001640ea62190 Thread added: 0x000001640e60e060
Event: 0.066 Thread 0x000001640ea62190 Thread added: 0x000001640e60f8d0
Event: 0.069 Thread 0x000001640ea62190 Thread added: 0x000001640e6113c0
Event: 0.069 Thread 0x000001640ea62190 Thread added: 0x000001640e613190
Event: 0.069 Thread 0x000001640ea62190 Thread added: 0x000001640e616650
Event: 0.069 Thread 0x000001640ea62190 Thread added: 0x000001640e6170b0
Event: 0.069 Thread 0x000001640ea62190 Thread added: 0x000001640e617e40
Event: 0.074 Thread 0x000001640ea62190 Thread added: 0x000001640e6816f0
Event: 0.190 Thread 0x000001640ea62190 Thread added: 0x00000164752672d0
Event: 0.737 Thread 0x000001640ea62190 Thread added: 0x00000164753754f0


Dynamic libraries:
0x00007ff6e0640000 - 0x00007ff6e064e000 	c:\Users\v\.vscode\extensions\redhat.java-1.56.0-win32-x64\jre\21.0.12.1-win32-x86_64\bin\java.exe
0x00007ff999970000 - 0x00007ff999b69000 	C:\Windows\SYSTEM32\ntdll.dll
0x00007ff997db0000 - 0x00007ff997e72000 	C:\Windows\System32\KERNEL32.DLL
0x00007ff997160000 - 0x00007ff997457000 	C:\Windows\System32\KERNELBASE.dll
0x00007ff997060000 - 0x00007ff997160000 	C:\Windows\System32\ucrtbase.dll
0x00007ff970540000 - 0x00007ff970558000 	c:\Users\v\.vscode\extensions\redhat.java-1.56.0-win32-x64\jre\21.0.12.1-win32-x86_64\bin\jli.dll
0x00007ff9992a0000 - 0x00007ff99943d000 	C:\Windows\System32\USER32.dll
0x00007ff997510000 - 0x00007ff997532000 	C:\Windows\System32\win32u.dll
0x00007ff999160000 - 0x00007ff99918b000 	C:\Windows\System32\GDI32.dll
0x00007ff997730000 - 0x00007ff99784a000 	C:\Windows\System32\gdi32full.dll
0x00007ff996fc0000 - 0x00007ff99705d000 	C:\Windows\System32\msvcp_win.dll
0x00007ff96d090000 - 0x00007ff96d0ae000 	c:\Users\v\.vscode\extensions\redhat.java-1.56.0-win32-x64\jre\21.0.12.1-win32-x86_64\bin\VCRUNTIME140.dll
0x00007ff984900000 - 0x00007ff984b9b000 	C:\Windows\WinSxS\amd64_microsoft.windows.common-controls_6595b64144ccf1df_6.0.19041.7663_none_60b9ed0b71f50c93\COMCTL32.dll
0x00007ff999440000 - 0x00007ff9994de000 	C:\Windows\System32\msvcrt.dll
0x00007ff999210000 - 0x00007ff99923f000 	C:\Windows\System32\IMM32.DLL
0x00007ff993e70000 - 0x00007ff993e7c000 	c:\Users\v\.vscode\extensions\redhat.java-1.56.0-win32-x64\jre\21.0.12.1-win32-x86_64\bin\vcruntime140_1.dll
0x00007ff9654e0000 - 0x00007ff96556d000 	c:\Users\v\.vscode\extensions\redhat.java-1.56.0-win32-x64\jre\21.0.12.1-win32-x86_64\bin\msvcp140.dll
0x00007ff95a1a0000 - 0x00007ff95af42000 	c:\Users\v\.vscode\extensions\redhat.java-1.56.0-win32-x64\jre\21.0.12.1-win32-x86_64\bin\server\jvm.dll
0x00007ff998900000 - 0x00007ff9989b2000 	C:\Windows\System32\ADVAPI32.dll
0x00007ff997a30000 - 0x00007ff997ad0000 	C:\Windows\System32\sechost.dll
0x00007ff997c80000 - 0x00007ff997da6000 	C:\Windows\System32\RPCRT4.dll
0x00007ff9978a0000 - 0x00007ff9978c7000 	C:\Windows\System32\bcrypt.dll
0x00007ff9998b0000 - 0x00007ff999923000 	C:\Windows\System32\WS2_32.dll
0x00007ff996630000 - 0x00007ff99667b000 	C:\Windows\SYSTEM32\POWRPROF.dll
0x00007ff9848d0000 - 0x00007ff9848f7000 	C:\Windows\SYSTEM32\WINMM.dll
0x00007ff98f500000 - 0x00007ff98f50a000 	C:\Windows\SYSTEM32\VERSION.dll
0x00007ff9965f0000 - 0x00007ff996602000 	C:\Windows\SYSTEM32\UMPDC.dll
0x00007ff994e10000 - 0x00007ff994e22000 	C:\Windows\SYSTEM32\kernel.appcore.dll
0x00007ff993790000 - 0x00007ff99379a000 	c:\Users\v\.vscode\extensions\redhat.java-1.56.0-win32-x64\jre\21.0.12.1-win32-x86_64\bin\jimage.dll
0x00007ff989130000 - 0x00007ff98933b000 	C:\Windows\SYSTEM32\DBGHELP.DLL
0x00007ff97e6e0000 - 0x00007ff97e715000 	C:\Windows\SYSTEM32\dbgcore.DLL
0x00007ff9976a0000 - 0x00007ff997722000 	C:\Windows\System32\bcryptPrimitives.dll
0x00007ff9910b0000 - 0x00007ff9910bf000 	c:\Users\v\.vscode\extensions\redhat.java-1.56.0-win32-x64\jre\21.0.12.1-win32-x86_64\bin\instrument.dll
0x00007ff9654c0000 - 0x00007ff9654e0000 	c:\Users\v\.vscode\extensions\redhat.java-1.56.0-win32-x64\jre\21.0.12.1-win32-x86_64\bin\java.dll
0x00007ff9989d0000 - 0x00007ff999141000 	C:\Windows\System32\SHELL32.dll
0x00007ff995020000 - 0x00007ff9957cc000 	C:\Windows\SYSTEM32\windows.storage.dll
0x00007ff9994e0000 - 0x00007ff999834000 	C:\Windows\System32\combase.dll
0x00007ff9969e0000 - 0x00007ff996a0b000 	C:\Windows\SYSTEM32\Wldp.dll
0x00007ff9985e0000 - 0x00007ff99868d000 	C:\Windows\System32\SHCORE.dll
0x00007ff998690000 - 0x00007ff9986eb000 	C:\Windows\System32\shlwapi.dll
0x00007ff996ee0000 - 0x00007ff996f05000 	C:\Windows\SYSTEM32\profapi.dll
0x00007ff993800000 - 0x00007ff993818000 	c:\Users\v\.vscode\extensions\redhat.java-1.56.0-win32-x64\jre\21.0.12.1-win32-x86_64\bin\zip.dll
0x00007ff9937b0000 - 0x00007ff9937c0000 	C:\Users\v\.vscode\extensions\redhat.java-1.56.0-win32-x64\jre\21.0.12.1-win32-x86_64\bin\net.dll
0x00007ff98ec00000 - 0x00007ff98ed0d000 	C:\Windows\SYSTEM32\WINHTTP.dll
0x00007ff996710000 - 0x00007ff99677a000 	C:\Windows\system32\mswsock.dll
0x00007ff9654a0000 - 0x00007ff9654b6000 	C:\Users\v\.vscode\extensions\redhat.java-1.56.0-win32-x64\jre\21.0.12.1-win32-x86_64\bin\nio.dll
0x00007ff9937f0000 - 0x00007ff993800000 	c:\Users\v\.vscode\extensions\redhat.java-1.56.0-win32-x64\jre\21.0.12.1-win32-x86_64\bin\verify.dll

JVMTI agents:
c:\Users\v\.vscode\extensions\redhat.java-1.56.0-win32-x64\lombok\lombok-1.18.39-4050.jar path:c:\Users\v\.vscode\extensions\redhat.java-1.56.0-win32-x64\jre\21.0.12.1-win32-x86_64\bin\instrument.dll, loaded, initialized, instrumentlib options:none

dbghelp: loaded successfully - version: 4.0.5 - missing functions: none
symbol engine: initialized successfully - sym options: 0x614 - pdb path: .;c:\Users\v\.vscode\extensions\redhat.java-1.56.0-win32-x64\jre\21.0.12.1-win32-x86_64\bin;C:\Windows\SYSTEM32;C:\Windows\WinSxS\amd64_microsoft.windows.common-controls_6595b64144ccf1df_6.0.19041.7663_none_60b9ed0b71f50c93;c:\Users\v\.vscode\extensions\redhat.java-1.56.0-win32-x64\jre\21.0.12.1-win32-x86_64\bin\server

VM Arguments:
jvm_args: --add-modules=ALL-SYSTEM --add-opens=java.base/java.util=ALL-UNNAMED --add-opens=java.base/java.lang=ALL-UNNAMED --add-opens=java.base/sun.nio.fs=ALL-UNNAMED -Declipse.application=org.eclipse.jdt.ls.core.id1 -Dosgi.bundles.defaultStartLevel=4 -Declipse.product=org.eclipse.jdt.ls.core.product -Djava.import.generatesMetadataFilesAtProjectRoot=false -Dm2e.project.cache.size=50 -DDetectVMInstallationsJob.disabled=true -Dfile.encoding=utf8 -XX:+UseParallelGC -XX:GCTimeRatio=4 -XX:AdaptiveSizePolicyWeight=90 -Dsun.zip.disableMemoryMapping=true -Xmx8G -Xms100m -Xlog:disable -javaagent:c:\Users\v\.vscode\extensions\redhat.java-1.56.0-win32-x64\lombok\lombok-1.18.39-4050.jar -XX:+HeapDumpOnOutOfMemoryError -XX:HeapDumpPath=c:\Users\v\AppData\Roaming\Code\User\workspaceStorage\62fc0edf119feca2305070a9eb120b66\redhat.java -Daether.dependencyCollector.impl=bf 
java_command: c:\Users\v\.vscode\extensions\redhat.java-1.56.0-win32-x64\server\plugins\org.eclipse.equinox.launcher_1.8.0.v20260804-1928.jar -configuration c:\Users\v\AppData\Roaming\Code\User\globalStorage\redhat.java\1.56.0\config_win -data c:\Users\v\AppData\Roaming\Code\User\workspaceStorage\62fc0edf119feca2305070a9eb120b66\redhat.java\jdt_ws --stdio
java_class_path (initial): c:\Users\v\.vscode\extensions\redhat.java-1.56.0-win32-x64\server\plugins\org.eclipse.equinox.launcher_1.8.0.v20260804-1928.jar
Launcher Type: SUN_STANDARD

[Global flags]
    uintx AdaptiveSizePolicyWeight                 = 90                                        {product} {command line}
     intx CICompilerCount                          = 3                                         {product} {ergonomic}
    uintx GCTimeRatio                              = 4                                         {product} {command line}
     bool HeapDumpOnOutOfMemoryError               = true                                   {manageable} {command line}
    ccstr HeapDumpPath                             = c:\Users\v\AppData\Roaming\Code\User\workspaceStorage\62fc0edf119feca2305070a9eb120b66\redhat.java         {manageable} {command line}
   size_t InitialHeapSize                          = 104857600                                 {product} {command line}
   size_t MaxHeapSize                              = 8589934592                                {product} {command line}
   size_t MaxNewSize                               = 2863136768                                {product} {ergonomic}
   size_t MinHeapDeltaBytes                        = 524288                                    {product} {ergonomic}
   size_t MinHeapSize                              = 104857600                                 {product} {command line}
   size_t NewSize                                  = 34603008                                  {product} {ergonomic}
    uintx NonNMethodCodeHeapSize                   = 5832780                                {pd product} {ergonomic}
    uintx NonProfiledCodeHeapSize                  = 122912730                              {pd product} {ergonomic}
   size_t OldSize                                  = 70254592                                  {product} {ergonomic}
    uintx ProfiledCodeHeapSize                     = 122912730                              {pd product} {ergonomic}
    uintx ReservedCodeCacheSize                    = 251658240                              {pd product} {ergonomic}
     bool SegmentedCodeCache                       = true                                      {product} {ergonomic}
   size_t SoftMaxHeapSize                          = 8589934592                             {manageable} {ergonomic}
     bool UseCompressedOops                        = true                           {product lp64_product} {ergonomic}
     bool UseLargePagesIndividualAllocation        = false                                  {pd product} {ergonomic}
     bool UseParallelGC                            = true                                      {product} {command line}

Logging:
Log output configuration:
 #0: stdout all=off uptime,level,tags foldmultilines=false
 #1: stderr all=off uptime,level,tags foldmultilines=false

Release file:
JAVA_VERSION="21.0.12.1" 
MODULES="java.base java.compiler java.datatransfer java.xml java.prefs java.desktop java.instrument java.logging java.management java.security.sasl java.naming java.rmi java.management.rmi java.net.http java.scripting java.security.jgss java.transaction.xa java.sql java.sql.rowset java.xml.crypto java.se java.smartcardio jdk.accessibility jdk.internal.jvmstat jdk.attach jdk.charsets jdk.internal.opt jdk.zipfs jdk.compiler jdk.crypto.ec jdk.crypto.cryptoki jdk.crypto.mscapi jdk.dynalink jdk.internal.ed jdk.editpad jdk.hotspot.agent jdk.httpserver jdk.internal.le jdk.internal.vm.ci jdk.internal.vm.compiler jdk.internal.vm.compiler.management jdk.jartool jdk.javadoc jdk.jcmd jdk.management jdk.management.agent jdk.jconsole jdk.jdeps jdk.jdwp.agent jdk.jdi jdk.jfr jdk.jshell jdk.jsobject jdk.jstatd jdk.localedata jdk.management.jfr jdk.naming.dns jdk.naming.rmi jdk.net jdk.nio.mapmode jdk.random jdk.sctp jdk.security.auth jdk.security.jgss jdk.unsupported jdk.unsupported.desktop jdk.xml.dom" 

Environment Variables:
PATH=C:\Program Files\Common Files\Oracle\Java\javapath;C:\Windows\system32;C:\Windows;C:\Windows\System32\Wbem;C:\Windows\System32\WindowsPowerShell\v1.0\;C:\Windows\System32\OpenSSH\;C:\MinGW\bin;C:\Program Files\dotnet\;C:\Program Files (x86)\Windows Kits\10\Windows Performance Toolkit\;C:\Program Files\Git\cmd;C:\Program Files\Git\mingw64\bin;C:\Program Files\Git\usr\bin;C:\ProgramData\chocolatey\bin;C:\Program Files\nodejs\;C:\Users\v\AppData\Roaming\Microsoft\Windows\Start Menu\Programs;C:\Program Files\MySQL\MySQL Server 8.0\bin;C:\Program Files\MySQL\MySQL Shell 8.0\bin\;C:\Users\v\AppData\Local\Programs\Python\Python313\Scripts\;C:\Users\v\AppData\Local\Programs\Python\Python313\;C:\Users\v\anaconda3;C:\Users\v\anaconda3\Library\mingw-w64\bin;C:\Users\v\anaconda3\Library\usr\bin;C:\Users\v\anaconda3\Library\bin;C:\Users\v\anaconda3\Scripts;C:\Users\v\AppData\Local\Microsoft\WindowsApps;C:\Users\v\AppData\Local\Programs\Microsoft VS Code\bin;C:\Users\v\AppData\Local\spicetify;C:\Users\v\AppData\Roaming\npm
USERNAME=v
OS=Windows_NT
PROCESSOR_IDENTIFIER=Intel64 Family 6 Model 142 Stepping 12, GenuineIntel
TMP=C:\Users\v\AppData\Local\Temp
TEMP=C:\Users\v\AppData\Local\Temp




Periodic native trim disabled

---------------  S Y S T E M  ---------------

OS:
 Windows 10 , 64 bit Build 19041 (10.0.19041.7725)
OS uptime: 0 days 0:11 hours

CPU: total 4 (initial active 4) (2 cores per cpu, 2 threads per core) family 6 model 142 stepping 12 microcode 0xde, cx8, cmov, fxsr, ht, mmx, 3dnowpref, sse, sse2, sse3, ssse3, sse4.1, sse4.2, popcnt, lzcnt, tsc, tscinvbit, avx, avx2, aes, erms, clmul, bmi1, bmi2, adx, fma, vzeroupper, clflush, clflushopt, rdtscp, f16c
Processor Information for the first 4 processors :
  Max Mhz: 2592, Current Mhz: 2093, Mhz Limit: 2073

Memory: 4k page, system-wide physical 3930M (51M free)
TotalPageFile size 16218M (AvailPageFile size 1M)
current process WorkingSet (physical memory assigned to process): 58M, peak: 58M
current process commit charge ("private bytes"): 421M, peak: 421M

vm_info: OpenJDK 64-Bit Server VM (21.0.12.1+1-LTS) for windows-amd64 JRE (21.0.12.1+1-LTS), built on 2026-08-18T00:00:00Z by "admin" with MS VC++ 17.12 (VS2022)

END.
