#
# There is insufficient memory for the Java Runtime Environment to continue.
# Native memory allocation (malloc) failed to allocate 1048576 bytes. Error detail: AllocateHeap
# Possible reasons:
#   The system is out of physical RAM or swap space
#   This process is running with CompressedOops enabled, and the Java Heap may be blocking the growth of the native heap
# Possible solutions:
#   Reduce memory load on the system
#   Increase physical memory or swap space
#   Check if swap backing store is full
#   Decrease Java heap size (-Xmx/-Xms)
#   Decrease number of Java threads
#   Decrease Java thread stack sizes (-Xss)
#   Set larger code cache with -XX:ReservedCodeCacheSize=
#   JVM is running with Zero Based Compressed Oops mode in which the Java heap is
#     placed in the first 32GB address space. The Java Heap base address is the
#     maximum limit for the native heap growth. Please use -XX:HeapBaseMinAddress
#     to set the Java Heap base and to place the Java Heap above 32GB virtual address.
# This output file may be truncated or incomplete.
#
#  Out of Memory Error (allocation.cpp:44), pid=1812, tid=14116
#
# JRE version:  (21.0.12.1+1) (build )
# Java VM: OpenJDK 64-Bit Server VM (21.0.12.1+1-LTS, mixed mode, sharing, tiered, compressed oops, compressed class ptrs, parallel gc, windows-amd64)
# No core dump will be written. Minidumps are not enabled by default on client versions of Windows
#

---------------  S U M M A R Y ------------

Command Line: --add-modules=ALL-SYSTEM --add-opens=java.base/java.util=ALL-UNNAMED --add-opens=java.base/java.lang=ALL-UNNAMED --add-opens=java.base/sun.nio.fs=ALL-UNNAMED -Declipse.application=org.eclipse.jdt.ls.core.id1 -Dosgi.bundles.defaultStartLevel=4 -Declipse.product=org.eclipse.jdt.ls.core.product -Djava.import.generatesMetadataFilesAtProjectRoot=false -Dm2e.project.cache.size=50 -DDetectVMInstallationsJob.disabled=true -Dfile.encoding=utf8 -XX:+UseParallelGC -XX:GCTimeRatio=4 -XX:AdaptiveSizePolicyWeight=90 -Dsun.zip.disableMemoryMapping=true -Xmx8G -Xms100m -Xlog:disable -javaagent:c:\Users\v\.vscode\extensions\redhat.java-1.56.0-win32-x64\lombok\lombok-1.18.39-4050.jar -XX:+HeapDumpOnOutOfMemoryError -XX:HeapDumpPath=c:\Users\v\AppData\Roaming\Code\User\workspaceStorage\62fc0edf119feca2305070a9eb120b66\redhat.java -Daether.dependencyCollector.impl=bf c:\Users\v\.vscode\extensions\redhat.java-1.56.0-win32-x64\server\plugins\org.eclipse.equinox.launcher_1.8.0.v20260804-1928.jar -configuration c:\Users\v\AppData\Roaming\Code\User\globalStorage\redhat.java\1.56.0\config_win -data c:\Users\v\AppData\Roaming\Code\User\workspaceStorage\62fc0edf119feca2305070a9eb120b66\redhat.java\jdt_ws --stdio

Host: Intel(R) Core(TM) i3-10110U CPU @ 2.10GHz, 4 cores, 3G,  Windows 10 , 64 bit Build 19041 (10.0.19041.7725)
Time: Tue Sep 29 15:02:03 2026 India Standard Time elapsed time: 0.037235 seconds (0d 0h 0m 0s)

---------------  T H R E A D  ---------------

Current thread (0x00000187f28853c0):  JavaThread "Unknown thread" [_thread_in_vm, id=14116, stack(0x0000007ad2400000,0x0000007ad2500000) (1024K)]

Stack: [0x0000007ad2400000,0x0000007ad2500000]
Native frames: (J=compiled Java code, j=interpreted, Vv=VM code, C=native code)
V  [jvm.dll+0x6d83e9]
V  [jvm.dll+0x8b5736]
V  [jvm.dll+0x8b7cee]
V  [jvm.dll+0x8b83d3]
V  [jvm.dll+0x284596]
V  [jvm.dll+0xc13c7]
V  [jvm.dll+0x70c550]
V  [jvm.dll+0x70d0bc]
V  [jvm.dll+0x6e6f73]
V  [jvm.dll+0x87fd8c]
V  [jvm.dll+0x3c4f4c]
V  [jvm.dll+0x868a4b]
V  [jvm.dll+0x458071]
V  [jvm.dll+0x459c61]
C  [jli.dll+0x52dc]
C  [ucrtbase.dll+0x21bb2]
C  [KERNEL32.DLL+0x17384]
C  [ntdll.dll+0x4cc91]


---------------  P R O C E S S  ---------------

Threads class SMR info:
_java_thread_list=0x00000187f4acaff0, length=1, elements={
0x00000187f28853c0
}

Java Threads: ( => current thread )
=>0x00000187f28853c0 JavaThread "Unknown thread"             [_thread_in_vm, id=14116, stack(0x0000007ad2400000,0x0000007ad2500000) (1024K)]
Total: 1

Other Threads:
  0x00000187f4acb9a0 WatcherThread "VM Periodic Task Thread"        [id=9996, stack(0x0000007ad2600000,0x0000007ad2700000) (1024K)]
  0x00000187f4a7e9b0 WorkerThread "GC Thread#0"                     [id=11564, stack(0x0000007ad2500000,0x0000007ad2600000) (1024K)]
Total: 2

Threads with active compile tasks:
Total: 0

VM state: not at safepoint (normal execution)

VM Mutex/Monitor currently owned by a thread: None

Heap address: 0x0000000600000000, size: 8192 MB, Compressed Oops mode: Zero based, Oop shift amount: 3

CDS archive(s) mapped at: [0x000001879f000000-0x000001879fba0000-0x000001879fba0000), size 12189696, SharedBaseAddress: 0x000001879f000000, ArchiveRelocationMode: 1.
Compressed class space mapped at: 0x00000187a0000000-0x00000187e0000000, reserved size: 1073741824
Narrow klass base: 0x000001879f000000, Narrow klass shift: 0, Narrow klass range: 0x100000000

GC Precious Log:
 CardTable entry size: 512
 CPUs: 4 total, 4 available
 Memory: 3930M
 Large Page Support: Disabled
 NUMA Support: Disabled
 Compressed Oops: Enabled (Zero based)
 Alignments: Space 512K, Generation 512K, Heap 2M
 Heap Min Capacity: 100M
 Heap Initial Capacity: 100M
 Heap Max Capacity: 8G
 Pre-touch: Disabled
 Parallel Workers: 4

Heap:
 PSYoungGen      total 29696K, used 512K [0x0000000755580000, 0x0000000757680000, 0x0000000800000000)
  eden space 25600K, 2% used [0x0000000755580000,0x0000000755600020,0x0000000756e80000)
  from space 4096K, 0% used [0x0000000757280000,0x0000000757280000,0x0000000757680000)
  to   space 4096K, 0% used [0x0000000756e80000,0x0000000756e80000,0x0000000757280000)
 ParOldGen       total 68608K, used 0K [0x0000000600000000, 0x0000000604300000, 0x0000000755580000)
  object space 68608K, 0% used [0x0000000600000000,0x0000000600000000,0x0000000604300000)
 Metaspace       used 0K, committed 0K, reserved 1048576K
  class space    used 0K, committed 0K, reserved 1048576K

Card table byte_map: [0x00000187f7c70000,0x00000187f8c80000] _byte_map_base: 0x00000187f4c70000

Marking Bits: (ParMarkBitMap*) 0x00007ff95ae644a0
 Begin Bits: [0x000001878f000000, 0x0000018797000000)
 End Bits:   [0x0000018797000000, 0x000001879f000000)

Polling page: 0x00000187f2830000

Metaspace:

Usage:
  Non-class:      0 bytes used.
      Class:      0 bytes used.
       Both:      0 bytes used.

Virtual space:
  Non-class space:        0 bytes reserved,       0 bytes (  ?%) committed,  0 nodes.
      Class space:        1.00 GB reserved,       0 bytes (  0%) committed,  1 nodes.
             Both:        1.00 GB reserved,       0 bytes (  0%) committed. 

Chunk freelists:
   Non-Class:  0 bytes
       Class:  16.00 MB
        Both:  16.00 MB

MaxMetaspaceSize: unlimited
CompressedClassSpaceSize: 1.00 GB
Initial GC threshold: 21.00 MB
Current GC threshold: 17179869184.00 GB
CDS: on
 - commit_granule_bytes: 65536.
 - commit_granule_words: 8192.
 - virtual_space_node_default_size: 8388608.
 - enlarge_chunks_in_place: 1.
 - use_allocation_guard: 0.


Internal statistics:

num_allocs_failed_limit: 0.
num_arena_births: 0.
num_arena_deaths: 0.
num_vsnodes_births: 1.
num_vsnodes_deaths: 0.
num_space_committed: 0.
num_space_uncommitted: 0.
num_chunks_returned_to_freelist: 0.
num_chunks_taken_from_freelist: 1.
num_chunk_merges: 0.
num_chunk_splits: 1.
num_chunks_enlarged: 0.
num_inconsistent_stats: 0.

CodeHeap 'non-profiled nmethods': size=120000Kb used=0Kb max_used=0Kb free=120000Kb
 bounds [0x0000018787ad0000, 0x0000018787d40000, 0x000001878f000000]
CodeHeap 'profiled nmethods': size=120000Kb used=0Kb max_used=0Kb free=120000Kb
 bounds [0x0000018780000000, 0x0000018780270000, 0x0000018787530000]
CodeHeap 'non-nmethods': size=5760Kb used=194Kb max_used=342Kb free=5565Kb
 bounds [0x0000018787530000, 0x00000187877a0000, 0x0000018787ad0000]
CodeCache: size=245760Kb, used=194Kb, max_used=342Kb, free=245565Kb
 total_blobs=70, nmethods=0, adapters=48, full_count=0
Compilation: enabled, stopped_count=0, restarted_count=0

Compilation events (0 events):
No events

GC Heap History (0 events):
No events

Dll operation events (2 events):
Event: 0.015 Attempting to load shared library c:\Users\v\.vscode\extensions\redhat.java-1.56.0-win32-x64\jre\21.0.12.1-win32-x86_64\bin\java.dll
Event: 0.015 Loaded shared library c:\Users\v\.vscode\extensions\redhat.java-1.56.0-win32-x64\jre\21.0.12.1-win32-x86_64\bin\java.dll

Deoptimization events (0 events):
No events

Classes loaded (0 events):
No events

Classes unloaded (0 events):
No events

Classes redefined (0 events):
No events

Internal exceptions (0 events):
No events

ZGC Phase Switch (0 events):
No events

VM Operations (0 events):
No events

Memory protections (0 events):
No events

Nmethod flushes (0 events):
No events

Events (1 events):
Event: 0.031 Thread 0x00000187f28853c0 Thread added: 0x00000187f28853c0


Dynamic libraries:
0x00007ff6e0640000 - 0x00007ff6e064e000 	c:\Users\v\.vscode\extensions\redhat.java-1.56.0-win32-x64\jre\21.0.12.1-win32-x86_64\bin\java.exe
0x00007ff999970000 - 0x00007ff999b69000 	C:\Windows\SYSTEM32\ntdll.dll
0x00007ff997db0000 - 0x00007ff997e72000 	C:\Windows\System32\KERNEL32.DLL
0x00007ff997160000 - 0x00007ff997457000 	C:\Windows\System32\KERNELBASE.dll
0x00007ff997060000 - 0x00007ff997160000 	C:\Windows\System32\ucrtbase.dll
0x00007ff970540000 - 0x00007ff970558000 	c:\Users\v\.vscode\extensions\redhat.java-1.56.0-win32-x64\jre\21.0.12.1-win32-x86_64\bin\jli.dll
0x00007ff9992a0000 - 0x00007ff99943d000 	C:\Windows\System32\USER32.dll
0x00007ff997510000 - 0x00007ff997532000 	C:\Windows\System32\win32u.dll
0x00007ff999160000 - 0x00007ff99918b000 	C:\Windows\System32\GDI32.dll
0x00007ff997730000 - 0x00007ff99784a000 	C:\Windows\System32\gdi32full.dll
0x00007ff996fc0000 - 0x00007ff99705d000 	C:\Windows\System32\msvcp_win.dll
0x00007ff96d090000 - 0x00007ff96d0ae000 	c:\Users\v\.vscode\extensions\redhat.java-1.56.0-win32-x64\jre\21.0.12.1-win32-x86_64\bin\VCRUNTIME140.dll
0x00007ff984900000 - 0x00007ff984b9b000 	C:\Windows\WinSxS\amd64_microsoft.windows.common-controls_6595b64144ccf1df_6.0.19041.7663_none_60b9ed0b71f50c93\COMCTL32.dll
0x00007ff999440000 - 0x00007ff9994de000 	C:\Windows\System32\msvcrt.dll
0x00007ff999210000 - 0x00007ff99923f000 	C:\Windows\System32\IMM32.DLL
0x00007ff993e70000 - 0x00007ff993e7c000 	c:\Users\v\.vscode\extensions\redhat.java-1.56.0-win32-x64\jre\21.0.12.1-win32-x86_64\bin\vcruntime140_1.dll
0x00007ff9654e0000 - 0x00007ff96556d000 	c:\Users\v\.vscode\extensions\redhat.java-1.56.0-win32-x64\jre\21.0.12.1-win32-x86_64\bin\msvcp140.dll
0x00007ff95a1a0000 - 0x00007ff95af42000 	c:\Users\v\.vscode\extensions\redhat.java-1.56.0-win32-x64\jre\21.0.12.1-win32-x86_64\bin\server\jvm.dll
0x00007ff998900000 - 0x00007ff9989b2000 	C:\Windows\System32\ADVAPI32.dll
0x00007ff997a30000 - 0x00007ff997ad0000 	C:\Windows\System32\sechost.dll
0x00007ff997c80000 - 0x00007ff997da6000 	C:\Windows\System32\RPCRT4.dll
0x00007ff9978a0000 - 0x00007ff9978c7000 	C:\Windows\System32\bcrypt.dll
0x00007ff9998b0000 - 0x00007ff999923000 	C:\Windows\System32\WS2_32.dll
0x00007ff996630000 - 0x00007ff99667b000 	C:\Windows\SYSTEM32\POWRPROF.dll
0x00007ff98f500000 - 0x00007ff98f50a000 	C:\Windows\SYSTEM32\VERSION.dll
0x00007ff9848d0000 - 0x00007ff9848f7000 	C:\Windows\SYSTEM32\WINMM.dll
0x00007ff9965f0000 - 0x00007ff996602000 	C:\Windows\SYSTEM32\UMPDC.dll
0x00007ff994e10000 - 0x00007ff994e22000 	C:\Windows\SYSTEM32\kernel.appcore.dll
0x00007ff993790000 - 0x00007ff99379a000 	c:\Users\v\.vscode\extensions\redhat.java-1.56.0-win32-x64\jre\21.0.12.1-win32-x86_64\bin\jimage.dll
0x00007ff989130000 - 0x00007ff98933b000 	C:\Windows\SYSTEM32\DBGHELP.DLL
0x00007ff97e6e0000 - 0x00007ff97e715000 	C:\Windows\SYSTEM32\dbgcore.DLL
0x00007ff9976a0000 - 0x00007ff997722000 	C:\Windows\System32\bcryptPrimitives.dll
0x00007ff9910b0000 - 0x00007ff9910bf000 	c:\Users\v\.vscode\extensions\redhat.java-1.56.0-win32-x64\jre\21.0.12.1-win32-x86_64\bin\instrument.dll
0x00007ff9654c0000 - 0x00007ff9654e0000 	c:\Users\v\.vscode\extensions\redhat.java-1.56.0-win32-x64\jre\21.0.12.1-win32-x86_64\bin\java.dll

JVMTI agents:
c:\Users\v\.vscode\extensions\redhat.java-1.56.0-win32-x64\lombok\lombok-1.18.39-4050.jar path:none, loaded, not initialized, instrumentlib options:none

dbghelp: loaded successfully - version: 4.0.5 - missing functions: none
symbol engine: initialized successfully - sym options: 0x614 - pdb path: .;c:\Users\v\.vscode\extensions\redhat.java-1.56.0-win32-x64\jre\21.0.12.1-win32-x86_64\bin;C:\Windows\SYSTEM32;C:\Windows\WinSxS\amd64_microsoft.windows.common-controls_6595b64144ccf1df_6.0.19041.7663_none_60b9ed0b71f50c93;c:\Users\v\.vscode\extensions\redhat.java-1.56.0-win32-x64\jre\21.0.12.1-win32-x86_64\bin\server

VM Arguments:
jvm_args: --add-modules=ALL-SYSTEM --add-opens=java.base/java.util=ALL-UNNAMED --add-opens=java.base/java.lang=ALL-UNNAMED --add-opens=java.base/sun.nio.fs=ALL-UNNAMED -Declipse.application=org.eclipse.jdt.ls.core.id1 -Dosgi.bundles.defaultStartLevel=4 -Declipse.product=org.eclipse.jdt.ls.core.product -Djava.import.generatesMetadataFilesAtProjectRoot=false -Dm2e.project.cache.size=50 -DDetectVMInstallationsJob.disabled=true -Dfile.encoding=utf8 -XX:+UseParallelGC -XX:GCTimeRatio=4 -XX:AdaptiveSizePolicyWeight=90 -Dsun.zip.disableMemoryMapping=true -Xmx8G -Xms100m -Xlog:disable -javaagent:c:\Users\v\.vscode\extensions\redhat.java-1.56.0-win32-x64\lombok\lombok-1.18.39-4050.jar -XX:+HeapDumpOnOutOfMemoryError -XX:HeapDumpPath=c:\Users\v\AppData\Roaming\Code\User\workspaceStorage\62fc0edf119feca2305070a9eb120b66\redhat.java -Daether.dependencyCollector.impl=bf 
java_command: c:\Users\v\.vscode\extensions\redhat.java-1.56.0-win32-x64\server\plugins\org.eclipse.equinox.launcher_1.8.0.v20260804-1928.jar -configuration c:\Users\v\AppData\Roaming\Code\User\globalStorage\redhat.java\1.56.0\config_win -data c:\Users\v\AppData\Roaming\Code\User\workspaceStorage\62fc0edf119feca2305070a9eb120b66\redhat.java\jdt_ws --stdio
java_class_path (initial): c:\Users\v\.vscode\extensions\redhat.java-1.56.0-win32-x64\server\plugins\org.eclipse.equinox.launcher_1.8.0.v20260804-1928.jar
Launcher Type: SUN_STANDARD

[Global flags]
    uintx AdaptiveSizePolicyWeight                 = 90                                        {product} {command line}
     intx CICompilerCount                          = 3                                         {product} {ergonomic}
    uintx GCTimeRatio                              = 4                                         {product} {command line}
     bool HeapDumpOnOutOfMemoryError               = true                                   {manageable} {command line}
    ccstr HeapDumpPath                             = c:\Users\v\AppData\Roaming\Code\User\workspaceStorage\62fc0edf119feca2305070a9eb120b66\redhat.java         {manageable} {command line}
   size_t InitialHeapSize                          = 104857600                                 {product} {command line}
   size_t MaxHeapSize                              = 8589934592                                {product} {command line}
   size_t MaxNewSize                               = 2863136768                                {product} {ergonomic}
   size_t MinHeapDeltaBytes                        = 524288                                    {product} {ergonomic}
   size_t MinHeapSize                              = 104857600                                 {product} {command line}
   size_t NewSize                                  = 34603008                                  {product} {ergonomic}
    uintx NonNMethodCodeHeapSize                   = 5832780                                {pd product} {ergonomic}
    uintx NonProfiledCodeHeapSize                  = 122912730                              {pd product} {ergonomic}
   size_t OldSize                                  = 70254592                                  {product} {ergonomic}
    uintx ProfiledCodeHeapSize                     = 122912730                              {pd product} {ergonomic}
    uintx ReservedCodeCacheSize                    = 251658240                              {pd product} {ergonomic}
     bool SegmentedCodeCache                       = true                                      {product} {ergonomic}
   size_t SoftMaxHeapSize                          = 8589934592                             {manageable} {ergonomic}
     bool UseCompressedOops                        = true                           {product lp64_product} {ergonomic}
     bool UseLargePagesIndividualAllocation        = false                                  {pd product} {ergonomic}
     bool UseParallelGC                            = true                                      {product} {command line}

Logging:
Log output configuration:
 #0: stdout all=off uptime,level,tags foldmultilines=false
 #1: stderr all=off uptime,level,tags foldmultilines=false

Release file:
<release file has not been read>
Environment Variables:
PATH=C:\Program Files\Common Files\Oracle\Java\javapath;C:\Windows\system32;C:\Windows;C:\Windows\System32\Wbem;C:\Windows\System32\WindowsPowerShell\v1.0\;C:\Windows\System32\OpenSSH\;C:\MinGW\bin;C:\Program Files\dotnet\;C:\Program Files (x86)\Windows Kits\10\Windows Performance Toolkit\;C:\Program Files\Git\cmd;C:\Program Files\Git\mingw64\bin;C:\Program Files\Git\usr\bin;C:\ProgramData\chocolatey\bin;C:\Program Files\nodejs\;C:\Users\v\AppData\Roaming\Microsoft\Windows\Start Menu\Programs;C:\Program Files\MySQL\MySQL Server 8.0\bin;C:\Program Files\MySQL\MySQL Shell 8.0\bin\;C:\Users\v\AppData\Local\Programs\Python\Python313\Scripts\;C:\Users\v\AppData\Local\Programs\Python\Python313\;C:\Users\v\anaconda3;C:\Users\v\anaconda3\Library\mingw-w64\bin;C:\Users\v\anaconda3\Library\usr\bin;C:\Users\v\anaconda3\Library\bin;C:\Users\v\anaconda3\Scripts;C:\Users\v\AppData\Local\Microsoft\WindowsApps;C:\Users\v\AppData\Local\Programs\Microsoft VS Code\bin;C:\Users\v\AppData\Local\spicetify;C:\Users\v\AppData\Roaming\npm
USERNAME=v
OS=Windows_NT
PROCESSOR_IDENTIFIER=Intel64 Family 6 Model 142 Stepping 12, GenuineIntel
TMP=C:\Users\v\AppData\Local\Temp
TEMP=C:\Users\v\AppData\Local\Temp




Periodic native trim disabled

---------------  S Y S T E M  ---------------

OS:
 Windows 10 , 64 bit Build 19041 (10.0.19041.7725)
OS uptime: 0 days 0:11 hours

CPU: total 4 (initial active 4) (2 cores per cpu, 2 threads per core) family 6 model 142 stepping 12 microcode 0xde, cx8, cmov, fxsr, ht, mmx, 3dnowpref, sse, sse2, sse3, ssse3, sse4.1, sse4.2, popcnt, lzcnt, tsc, tscinvbit, avx, avx2, aes, erms, clmul, bmi1, bmi2, adx, fma, vzeroupper, clflush, clflushopt, rdtscp, f16c
Processor Information for the first 4 processors :
  Max Mhz: 2592, Current Mhz: 2093, Mhz Limit: 2073

Memory: 4k page, system-wide physical 3930M (50M free)
TotalPageFile size 16218M (AvailPageFile size 4M)
current process WorkingSet (physical memory assigned to process): 24M, peak: 24M
current process commit charge ("private bytes"): 405M, peak: 406M

vm_info: OpenJDK 64-Bit Server VM (21.0.12.1+1-LTS) for windows-amd64 JRE (21.0.12.1+1-LTS), built on 2026-08-18T00:00:00Z by "admin" with MS VC++ 17.12 (VS2022)

END.
